[1;36mPublishing ~[0m[1;36m200[0m[1;36m events/s to payment-events[0m
t+   0s  FastPay: [1;36m117[0m [1m([0m [1;36m3.4[0m%[1m)[0m  SecurePay:  [1;36m58[0m [1m([0m [1;36m1.7[0m%[1m)[0m  QuickPay:  [1;36m25[0m [1m([0m [1;36m0.0[0m%[1m)[0m  |  checkout failures [32m  [0m[1;32m2.5[0m[32m%[0m
t+   1s  FastPay: [1;36m129[0m [1m([0m [1;36m0.8[0m%[1m)[0m  SecurePay:  [1;36m55[0m [1m([0m [1;36m1.8[0m%[1m)[0m  QuickPay:  [1;36m16[0m [1m([0m [1;36m0.0[0m%[1m)[0m  |  checkout failures [32m  [0m[1;32m1.0[0m[32m%[0m
t+   2s  FastPay: [1;36m136[0m [1m([0m [1;36m1.5[0m%[1m)[0m  SecurePay:  [1;36m48[0m [1m([0m [1;36m0.0[0m%[1m)[0m  QuickPay:  [1;36m16[0m [1m([0m [1;36m0.0[0m%[1m)[0m  |  checkout failures [32m  [0m[1;32m1.0[0m[32m%[0m
t+   3s  FastPay: [1;36m117[0m [1m([0m [1;36m0.0[0m%[1m)[0m  SecurePay:  [1;36m71[0m [1m([0m [1;36m0.0[0m%[1m)[0m  QuickPay:  [1;36m12[0m [1m([0m [1;36m0.0[0m%[1m)[0m  |  checkout failures [32m  [0m[1;32m0.0[0m[32m%[0m
t+   4s  FastPay: [1;36m120[0m [1m([0m [1;36m1.7[0m%[1m)[0m  SecurePay:  [1;36m66[0m [1m([0m [1;36m0.0[0m%[1m)[0m  QuickPay:  [1;36m14[0m [1m([0m [1;36m0.0[0m%[1m)[0m  |  checkout failures [32m  [0m[1;32m1.0[0m[32m%[0m
t+   5s  FastPay: [1;36m117[0m [1m([0m [1;36m1.7[0m%[1m)[0m  SecurePay:  [1;36m65[0m [1m([0m [1;36m1.5[0m%[1m)[0m  QuickPay:  [1;36m18[0m [1m([0m [1;36m0.0[0m%[1m)[0m  |  checkout failures [32m  [0m[1;32m1.5[0m[32m%[0m
t+   6s  FastPay: [1;36m126[0m [1m([0m [1;36m0.8[0m%[1m)[0m  SecurePay:  [1;36m57[0m [1m([0m [1;36m0.0[0m%[1m)[0m  QuickPay:  [1;36m17[0m [1m([0m [1;36m5.9[0m%[1m)[0m  |  checkout failures [32m  [0m[1;32m1.0[0m[32m%[0m
t+   7s  FastPay: [1;36m110[0m [1m([0m [1;36m0.0[0m%[1m)[0m  SecurePay:  [1;36m66[0m [1m([0m [1;36m1.5[0m%[1m)[0m  QuickPay:  [1;36m24[0m [1m([0m [1;36m0.0[0m%[1m)[0m  |  checkout failures [32m  [0m[1;32m0.5[0m[32m%[0m
t+   8s  FastPay: [1;36m119[0m [1m([0m [1;36m0.8[0m%[1m)[0m  SecurePay:  [1;36m61[0m [1m([0m [1;36m1.6[0m%[1m)[0m  QuickPay:  [1;36m20[0m [1m([0m [1;36m0.0[0m%[1m)[0m  |  checkout failures [32m  [0m[1;32m1.0[0m[32m%[0m
t+   9s  FastPay: [1;36m117[0m [1m([0m [1;36m0.9[0m%[1m)[0m  SecurePay:  [1;36m64[0m [1m([0m [1;36m1.6[0m%[1m)[0m  QuickPay:  [1;36m19[0m [1m([0m [1;36m0.0[0m%[1m)[0m  |  checkout failures [32m  [0m[1;32m1.0[0m[32m%[0m
t+  10s  FastPay: [1;36m109[0m [1m([0m [1;36m0.9[0m%[1m)[0m  SecurePay:  [1;36m80[0m [1m([0m [1;36m0.0[0m%[1m)[0m  QuickPay:  [1;36m11[0m [1m([0m [1;36m0.0[0m%[1m)[0m  |  checkout failures [32m  [0m[1;32m0.5[0m[32m%[0m
t+  11s  FastPay: [1;36m109[0m [1m([0m [1;36m0.9[0m%[1m)[0m  SecurePay:  [1;36m67[0m [1m([0m [1;36m0.0[0m%[1m)[0m  QuickPay:  [1;36m24[0m [1m([0m [1;36m0.0[0m%[1m)[0m  |  checkout failures [32m  [0m[1;32m0.5[0m[32m%[0m
t+  12s  FastPay: [1;36m114[0m [1m([0m [1;36m0.0[0m%[1m)[0m  SecurePay:  [1;36m65[0m [1m([0m [1;36m1.5[0m%[1m)[0m  QuickPay:  [1;36m21[0m [1m([0m [1;36m0.0[0m%[1m)[0m  |  checkout failures [32m  [0m[1;32m0.5[0m[32m%[0m
t+  13s  FastPay: [1;36m117[0m [1m([0m [1;36m0.0[0m%[1m)[0m  SecurePay:  [1;36m60[0m [1m([0m [1;36m0.0[0m%[1m)[0m  QuickPay:  [1;36m23[0m [1m([0m [1;36m0.0[0m%[1m)[0m  |  checkout failures [32m  [0m[1;32m0.0[0m[32m%[0m
t+  14s  FastPay: [1;36m122[0m [1m([0m [1;36m0.0[0m%[1m)[0m  SecurePay:  [1;36m61[0m [1m([0m [1;36m1.6[0m%[1m)[0m  QuickPay:  [1;36m17[0m [1m([0m [1;36m0.0[0m%[1m)[0m  |  checkout failures [32m  [0m[1;32m0.5[0m[32m%[0m
t+  15s  FastPay: [1;36m113[0m [1m([0m [1;36m0.9[0m%[1m)[0m  SecurePay:  [1;36m61[0m [1m([0m [1;36m0.0[0m%[1m)[0m  QuickPay:  [1;36m26[0m [1m([0m [1;36m3.8[0m%[1m)[0m  |  checkout failures [32m  [0m[1;32m1.0[0m[32m%[0m
t+  16s  FastPay: [1;36m126[0m [1m([0m [1;36m1.6[0m%[1m)[0m  SecurePay:  [1;36m53[0m [1m([0m [1;36m0.0[0m%[1m)[0m  QuickPay:  [1;36m21[0m [1m([0m [1;36m4.8[0m%[1m)[0m  |  checkout failures [32m  [0m[1;32m1.5[0m[32m%[0m
t+  17s  FastPay: [1;36m119[0m [1m([0m [1;36m0.8[0m%[1m)[0m  SecurePay:  [1;36m67[0m [1m([0m [1;36m0.0[0m%[1m)[0m  QuickPay:  [1;36m14[0m [1m([0m [1;36m0.0[0m%[1m)[0m  |  checkout failures [32m  [0m[1;32m0.5[0m[32m%[0m
t+  18s  FastPay: [1;36m116[0m [1m([0m [1;36m1.7[0m%[1m)[0m  SecurePay:  [1;36m66[0m [1m([0m [1;36m3.0[0m%[1m)[0m  QuickPay:  [1;36m18[0m [1m([0m [1;36m0.0[0m%[1m)[0m  |  checkout failures [32m  [0m[1;32m2.0[0m[32m%[0m
t+  19s  FastPay: [1;36m124[0m [1m([0m [1;36m0.8[0m%[1m)[0m  SecurePay:  [1;36m63[0m [1m([0m [1;36m3.2[0m%[1m)[0m  QuickPay:  [1;36m13[0m [1m([0m [1;36m0.0[0m%[1m)[0m  |  checkout failures [32m  [0m[1;32m1.5[0m[32m%[0m
t+  20s  FastPay: [1;36m113[0m [1m([0m [1;36m0.0[0m%[1m)[0m  SecurePay:  [1;36m69[0m [1m([0m [1;36m0.0[0m%[1m)[0m  QuickPay:  [1;36m18[0m [1m([0m [1;36m5.6[0m%[1m)[0m  |  checkout failures [32m  [0m[1;32m0.5[0m[32m%[0m
t+  21s  FastPay: [1;36m111[0m [1m([0m [1;36m0.0[0m%[1m)[0m  SecurePay:  [1;36m69[0m [1m([0m [1;36m0.0[0m%[1m)[0m  QuickPay:  [1;36m20[0m [1m([0m [1;36m0.0[0m%[1m)[0m  |  checkout failures [32m  [0m[1;32m0.0[0m[32m%[0m
t+  22s  FastPay: [1;36m114[0m [1m([0m [1;36m2.6[0m%[1m)[0m  SecurePay:  [1;36m68[0m [1m([0m [1;36m1.5[0m%[1m)[0m  QuickPay:  [1;36m18[0m [1m([0m [1;36m5.6[0m%[1m)[0m  |  checkout failures [32m  [0m[1;32m2.5[0m[32m%[0m
t+  23s  FastPay: [1;36m118[0m [1m([0m [1;36m1.7[0m%[1m)[0m  SecurePay:  [1;36m59[0m [1m([0m [1;36m0.0[0m%[1m)[0m  QuickPay:  [1;36m23[0m [1m([0m [1;36m0.0[0m%[1m)[0m  |  checkout failures [32m  [0m[1;32m1.0[0m[32m%[0m
t+  24s  FastPay: [1;36m120[0m [1m([0m [1;36m1.7[0m%[1m)[0m  SecurePay:  [1;36m52[0m [1m([0m [1;36m1.9[0m%[1m)[0m  QuickPay:  [1;36m28[0m [1m([0m [1;36m0.0[0m%[1m)[0m  |  checkout failures [32m  [0m[1;32m1.5[0m[32m%[0m
t+  25s  FastPay: [1;36m119[0m [1m([0m [1;36m1.7[0m%[1m)[0m  SecurePay:  [1;36m64[0m [1m([0m [1;36m1.6[0m%[1m)[0m  QuickPay:  [1;36m17[0m [1m([0m [1;36m0.0[0m%[1m)[0m  |  checkout failures [32m  [0m[1;32m1.5[0m[32m%[0m
t+  26s  FastPay: [1;36m127[0m [1m([0m [1;36m0.0[0m%[1m)[0m  SecurePay:  [1;36m55[0m [1m([0m [1;36m1.8[0m%[1m)[0m  QuickPay:  [1;36m18[0m [1m([0m [1;36m0.0[0m%[1m)[0m  |  checkout failures [32m  [0m[1;32m0.5[0m[32m%[0m
t+  27s  FastPay: [1;36m117[0m [1m([0m [1;36m1.7[0m%[1m)[0m  SecurePay:  [1;36m65[0m [1m([0m [1;36m0.0[0m%[1m)[0m  QuickPay:  [1;36m18[0m [1m([0m [1;36m0.0[0m%[1m)[0m  |  checkout failures [32m  [0m[1;32m1.0[0m[32m%[0m
t+  28s  FastPay: [1;36m126[0m [1m([0m [1;36m0.0[0m%[1m)[0m  SecurePay:  [1;36m54[0m [1m([0m [1;36m0.0[0m%[1m)[0m  QuickPay:  [1;36m20[0m [1m([0m [1;36m0.0[0m%[1m)[0m  |  checkout failures [32m  [0m[1;32m0.0[0m[32m%[0m
t+  29s  FastPay: [1;36m113[0m [1m([0m [1;36m0.0[0m%[1m)[0m  SecurePay:  [1;36m61[0m [1m([0m [1;36m0.0[0m%[1m)[0m  QuickPay:  [1;36m26[0m [1m([0m [1;36m0.0[0m%[1m)[0m  |  checkout failures [32m  [0m[1;32m0.0[0m[32m%[0m
t+  30s  FastPay: [1;36m125[0m [1m([0m [1;36m0.8[0m%[1m)[0m  SecurePay:  [1;36m55[0m [1m([0m [1;36m0.0[0m%[1m)[0m  QuickPay:  [1;36m20[0m [1m([0m [1;36m5.0[0m%[1m)[0m  |  checkout failures [32m  [0m[1;32m1.0[0m[32m%[0m
t+  31s  FastPay: [1;36m126[0m [1m([0m [1;36m0.8[0m%[1m)[0m  SecurePay:  [1;36m58[0m [1m([0m [1;36m0.0[0m%[1m)[0m  QuickPay:  [1;36m16[0m [1m([0m [1;36m0.0[0m%[1m)[0m  |  checkout failures [32m  [0m[1;32m0.5[0m[32m%[0m
t+  32s  FastPay: [1;36m119[0m [1m([0m [1;36m0.0[0m%[1m)[0m  SecurePay:  [1;36m58[0m [1m([0m [1;36m0.0[0m%[1m)[0m  QuickPay:  [1;36m23[0m [1m([0m [1;36m0.0[0m%[1m)[0m  |  checkout failures [32m  [0m[1;32m0.0[0m[32m%[0m
t+  33s  FastPay: [1;36m129[0m [1m([0m [1;36m0.0[0m%[1m)[0m  SecurePay:  [1;36m59[0m [1m([0m [1;36m1.7[0m%[1m)[0m  QuickPay:  [1;36m12[0m [1m([0m [1;36m0.0[0m%[1m)[0m  |  checkout failures [32m  [0m[1;32m0.5[0m[32m%[0m
t+  34s  FastPay: [1;36m120[0m [1m([0m [1;36m0.8[0m%[1m)[0m  SecurePay:  [1;36m65[0m [1m([0m [1;36m0.0[0m%[1m)[0m  QuickPay:  [1;36m15[0m [1m([0m [1;36m0.0[0m%[1m)[0m  |  checkout failures [32m  [0m[1;32m0.5[0m[32m%[0m
t+  35s  FastPay: [1;36m115[0m [1m([0m [1;36m0.0[0m%[1m)[0m  SecurePay:  [1;36m63[0m [1m([0m [1;36m0.0[0m%[1m)[0m  QuickPay:  [1;36m22[0m [1m([0m [1;36m4.5[0m%[1m)[0m  |  checkout failures [32m  [0m[1;32m0.5[0m[32m%[0m
t+  36s  FastPay: [1;36m126[0m [1m([0m [1;36m0.8[0m%[1m)[0m  SecurePay:  [1;36m52[0m [1m([0m [1;36m0.0[0m%[1m)[0m  QuickPay:  [1;36m22[0m [1m([0m [1;36m9.1[0m%[1m)[0m  |  checkout failures [32m  [0m[1;32m1.5[0m[32m%[0m
t+  37s  FastPay: [1;36m109[0m [1m([0m [1;36m0.9[0m%[1m)[0m  SecurePay:  [1;36m68[0m [1m([0m [1;36m1.5[0m%[1m)[0m  QuickPay:  [1;36m23[0m [1m([0m [1;36m0.0[0m%[1m)[0m  |  checkout failures [32m  [0m[1;32m1.0[0m[32m%[0m
t+  38s  FastPay: [1;36m138[0m [1m([0m [1;36m1.4[0m%[1m)[0m  SecurePay:  [1;36m45[0m [1m([0m [1;36m2.2[0m%[1m)[0m  QuickPay:  [1;36m17[0m [1m([0m [1;36m5.9[0m%[1m)[0m  |  checkout failures [32m  [0m[1;32m2.0[0m[32m%[0m
t+  39s  FastPay: [1;36m130[0m [1m([0m [1;36m2.3[0m%[1m)[0m  SecurePay:  [1;36m53[0m [1m([0m [1;36m0.0[0m%[1m)[0m  QuickPay:  [1;36m17[0m [1m([0m [1;36m5.9[0m%[1m)[0m  |  checkout failures [32m  [0m[1;32m2.0[0m[32m%[0m
t+  40s  FastPay: [1;36m114[0m [1m([0m [1;36m0.9[0m%[1m)[0m  SecurePay:  [1;36m69[0m [1m([0m [1;36m0.0[0m%[1m)[0m  QuickPay:  [1;36m17[0m [1m([0m [1;36m0.0[0m%[1m)[0m  |  checkout failures [32m  [0m[1;32m0.5[0m[32m%[0m
t+  41s  FastPay: [1;36m117[0m [1m([0m [1;36m0.9[0m%[1m)[0m  SecurePay:  [1;36m62[0m [1m([0m [1;36m0.0[0m%[1m)[0m  QuickPay:  [1;36m21[0m [1m([0m [1;36m0.0[0m%[1m)[0m  |  checkout failures [32m  [0m[1;32m0.5[0m[32m%[0m
t+  42s  FastPay: [1;36m127[0m [1m([0m [1;36m0.8[0m%[1m)[0m  SecurePay:  [1;36m54[0m [1m([0m [1;36m0.0[0m%[1m)[0m  QuickPay:  [1;36m19[0m [1m([0m [1;36m0.0[0m%[1m)[0m  |  checkout failures [32m  [0m[1;32m0.5[0m[32m%[0m
t+  43s  FastPay: [1;36m135[0m [1m([0m [1;36m1.5[0m%[1m)[0m  SecurePay:  [1;36m51[0m [1m([0m [1;36m0.0[0m%[1m)[0m  QuickPay:  [1;36m14[0m [1m([0m [1;36m0.0[0m%[1m)[0m  |  checkout failures [32m  [0m[1;32m1.0[0m[32m%[0m
t+  44s  FastPay: [1;36m128[0m [1m([0m [1;36m0.8[0m%[1m)[0m  SecurePay:  [1;36m47[0m [1m([0m [1;36m0.0[0m%[1m)[0m  QuickPay:  [1;36m25[0m [1m([0m [1;36m0.0[0m%[1m)[0m  |  checkout failures [32m  [0m[1;32m0.5[0m[32m%[0m
t+  45s  FastPay: [1;36m118[0m [1m([0m [1;36m1.7[0m%[1m)[0m  SecurePay:  [1;36m66[0m [1m([0m [1;36m1.5[0m%[1m)[0m  QuickPay:  [1;36m16[0m [1m([0m [1;36m0.0[0m%[1m)[0m  |  checkout failures [32m  [0m[1;32m1.5[0m[32m%[0m
t+  46s  FastPay: [1;36m127[0m [1m([0m [1;36m1.6[0m%[1m)[0m  SecurePay:  [1;36m49[0m [1m([0m [1;36m0.0[0m%[1m)[0m  QuickPay:  [1;36m24[0m [1m([0m [1;36m4.2[0m%[1m)[0m  |  checkout failures [32m  [0m[1;32m1.5[0m[32m%[0m
t+  47s  FastPay: [1;36m119[0m [1m([0m [1;36m0.8[0m%[1m)[0m  SecurePay:  [1;36m55[0m [1m([0m [1;36m0.0[0m%[1m)[0m  QuickPay:  [1;36m26[0m [1m([0m [1;36m0.0[0m%[1m)[0m  |  checkout failures [32m  [0m[1;32m0.5[0m[32m%[0m
t+  48s  FastPay: [1;36m141[0m [1m([0m [1;36m1.4[0m%[1m)[0m  SecurePay:  [1;36m46[0m [1m([0m [1;36m0.0[0m%[1m)[0m  QuickPay:  [1;36m13[0m [1m([0m [1;36m0.0[0m%[1m)[0m  |  checkout failures [32m  [0m[1;32m1.0[0m[32m%[0m
t+  49s  FastPay: [1;36m122[0m [1m([0m [1;36m0.8[0m%[1m)[0m  SecurePay:  [1;36m58[0m [1m([0m [1;36m1.7[0m%[1m)[0m  QuickPay:  [1;36m20[0m [1m([0m [1;36m0.0[0m%[1m)[0m  |  checkout failures [32m  [0m[1;32m1.0[0m[32m%[0m
t+  50s  FastPay: [1;36m134[0m [1m([0m [1;36m1.5[0m%[1m)[0m  SecurePay:  [1;36m51[0m [1m([0m [1;36m0.0[0m%[1m)[0m  QuickPay:  [1;36m15[0m [1m([0m [1;36m0.0[0m%[1m)[0m  |  checkout failures [32m  [0m[1;32m1.0[0m[32m%[0m
t+  51s  FastPay: [1;36m121[0m [1m([0m [1;36m0.0[0m%[1m)[0m  SecurePay:  [1;36m61[0m [1m([0m [1;36m0.0[0m%[1m)[0m  QuickPay:  [1;36m18[0m [1m([0m [1;36m5.6[0m%[1m)[0m  |  checkout failures [32m  [0m[1;32m0.5[0m[32m%[0m
t+  52s  FastPay: [1;36m113[0m [1m([0m [1;36m0.9[0m%[1m)[0m  SecurePay:  [1;36m72[0m [1m([0m [1;36m1.4[0m%[1m)[0m  QuickPay:  [1;36m15[0m [1m([0m [1;36m0.0[0m%[1m)[0m  |  checkout failures [32m  [0m[1;32m1.0[0m[32m%[0m
t+  53s  FastPay: [1;36m131[0m [1m([0m [1;36m0.0[0m%[1m)[0m  SecurePay:  [1;36m53[0m [1m([0m [1;36m1.9[0m%[1m)[0m  QuickPay:  [1;36m16[0m [1m([0m [1;36m6.2[0m%[1m)[0m  |  checkout failures [32m  [0m[1;32m1.0[0m[32m%[0m
t+  54s  FastPay: [1;36m112[0m [1m([0m [1;36m0.9[0m%[1m)[0m  SecurePay:  [1;36m63[0m [1m([0m [1;36m0.0[0m%[1m)[0m  QuickPay:  [1;36m25[0m [1m([0m [1;36m4.0[0m%[1m)[0m  |  checkout failures [32m  [0m[1;32m1.0[0m[32m%[0m
t+  55s  FastPay: [1;36m134[0m [1m([0m [1;36m1.5[0m%[1m)[0m  SecurePay:  [1;36m47[0m [1m([0m [1;36m0.0[0m%[1m)[0m  QuickPay:  [1;36m19[0m [1m([0m [1;36m0.0[0m%[1m)[0m  |  checkout failures [32m  [0m[1;32m1.0[0m[32m%[0m
t+  56s  FastPay: [1;36m114[0m [1m([0m [1;36m1.8[0m%[1m)[0m  SecurePay:  [1;36m60[0m [1m([0m [1;36m0.0[0m%[1m)[0m  QuickPay:  [1;36m26[0m [1m([0m [1;36m7.7[0m%[1m)[0m  |  checkout failures [32m  [0m[1;32m2.0[0m[32m%[0m
t+  57s  FastPay: [1;36m122[0m [1m([0m [1;36m0.8[0m%[1m)[0m  SecurePay:  [1;36m56[0m [1m([0m [1;36m0.0[0m%[1m)[0m  QuickPay:  [1;36m22[0m [1m([0m [1;36m0.0[0m%[1m)[0m  |  checkout failures [32m  [0m[1;32m0.5[0m[32m%[0m
t+  58s  FastPay: [1;36m130[0m [1m([0m [1;36m0.8[0m%[1m)[0m  SecurePay:  [1;36m56[0m [1m([0m [1;36m1.8[0m%[1m)[0m  QuickPay:  [1;36m14[0m [1m([0m [1;36m0.0[0m%[1m)[0m  |  checkout failures [32m  [0m[1;32m1.0[0m[32m%[0m
t+  59s  FastPay: [1;36m131[0m [1m([0m [1;36m0.8[0m%[1m)[0m  SecurePay:  [1;36m50[0m [1m([0m [1;36m0.0[0m%[1m)[0m  QuickPay:  [1;36m19[0m [1m([0m [1;36m0.0[0m%[1m)[0m  |  checkout failures [32m  [0m[1;32m0.5[0m[32m%[0m
t+  60s  FastPay: [1;36m115[0m [1m([0m [1;36m0.0[0m%[1m)[0m  SecurePay:  [1;36m69[0m [1m([0m [1;36m1.4[0m%[1m)[0m  QuickPay:  [1;36m16[0m [1m([0m [1;36m6.2[0m%[1m)[0m  |  checkout failures [32m  [0m[1;32m1.0[0m[32m%[0m
t+  61s  FastPay: [1;36m129[0m [1m([0m [1;36m0.8[0m%[1m)[0m  SecurePay:  [1;36m47[0m [1m([0m [1;36m0.0[0m%[1m)[0m  QuickPay:  [1;36m24[0m [1m([0m [1;36m4.2[0m%[1m)[0m  |  checkout failures [32m  [0m[1;32m1.0[0m[32m%[0m
t+  62s  FastPay: [1;36m117[0m [1m([0m [1;36m0.0[0m%[1m)[0m  SecurePay:  [1;36m62[0m [1m([0m [1;36m0.0[0m%[1m)[0m  QuickPay:  [1;36m21[0m [1m([0m [1;36m0.0[0m%[1m)[0m  |  checkout failures [32m  [0m[1;32m0.0[0m[32m%[0m
t+  63s  FastPay: [1;36m112[0m [1m([0m [1;36m1.8[0m%[1m)[0m  SecurePay:  [1;36m64[0m [1m([0m [1;36m0.0[0m%[1m)[0m  QuickPay:  [1;36m24[0m [1m([0m [1;36m0.0[0m%[1m)[0m  |  checkout failures [32m  [0m[1;32m1.0[0m[32m%[0m
t+  64s  FastPay: [1;36m115[0m [1m([0m [1;36m0.0[0m%[1m)[0m  SecurePay:  [1;36m64[0m [1m([0m [1;36m0.0[0m%[1m)[0m  QuickPay:  [1;36m21[0m [1m([0m [1;36m4.8[0m%[1m)[0m  |  checkout failures [32m  [0m[1;32m0.5[0m[32m%[0m
t+  65s  FastPay: [1;36m121[0m [1m([0m [1;36m0.0[0m%[1m)[0m  SecurePay:  [1;36m59[0m [1m([0m [1;36m1.7[0m%[1m)[0m  QuickPay:  [1;36m20[0m [1m([0m [1;36m0.0[0m%[1m)[0m  |  checkout failures [32m  [0m[1;32m0.5[0m[32m%[0m
t+  66s  FastPay: [1;36m114[0m [1m([0m [1;36m0.0[0m%[1m)[0m  SecurePay:  [1;36m66[0m [1m([0m [1;36m0.0[0m%[1m)[0m  QuickPay:  [1;36m20[0m [1m([0m [1;36m0.0[0m%[1m)[0m  |  checkout failures [32m  [0m[1;32m0.0[0m[32m%[0m
t+  67s  FastPay: [1;36m117[0m [1m([0m [1;36m1.7[0m%[1m)[0m  SecurePay:  [1;36m58[0m [1m([0m [1;36m0.0[0m%[1m)[0m  QuickPay:  [1;36m25[0m [1m([0m [1;36m0.0[0m%[1m)[0m  |  checkout failures [32m  [0m[1;32m1.0[0m[32m%[0m
t+  68s  FastPay: [1;36m132[0m [1m([0m [1;36m2.3[0m%[1m)[0m  SecurePay:  [1;36m47[0m [1m([0m [1;36m0.0[0m%[1m)[0m  QuickPay:  [1;36m21[0m [1m([0m [1;36m0.0[0m%[1m)[0m  |  checkout failures [32m  [0m[1;32m1.5[0m[32m%[0m
t+  69s  FastPay: [1;36m117[0m [1m([0m [1;36m0.9[0m%[1m)[0m  SecurePay:  [1;36m61[0m [1m([0m [1;36m1.6[0m%[1m)[0m  QuickPay:  [1;36m22[0m [1m([0m [1;36m0.0[0m%[1m)[0m  |  checkout failures [32m  [0m[1;32m1.0[0m[32m%[0m
t+  70s  FastPay: [1;36m120[0m [1m([0m [1;36m0.0[0m%[1m)[0m  SecurePay:  [1;36m63[0m [1m([0m [1;36m1.6[0m%[1m)[0m  QuickPay:  [1;36m17[0m [1m([0m [1;36m0.0[0m%[1m)[0m  |  checkout failures [32m  [0m[1;32m0.5[0m[32m%[0m
t+  71s  FastPay: [1;36m125[0m [1m([0m [1;36m1.6[0m%[1m)[0m  SecurePay:  [1;36m54[0m [1m([0m [1;36m0.0[0m%[1m)[0m  QuickPay:  [1;36m21[0m [1m([0m [1;36m4.8[0m%[1m)[0m  |  checkout failures [32m  [0m[1;32m1.5[0m[32m%[0m
t+  72s  FastPay: [1;36m117[0m [1m([0m [1;36m1.7[0m%[1m)[0m  SecurePay:  [1;36m61[0m [1m([0m [1;36m3.3[0m%[1m)[0m  QuickPay:  [1;36m22[0m [1m([0m [1;36m4.5[0m%[1m)[0m  |  checkout failures [32m  [0m[1;32m2.5[0m[32m%[0m
t+  73s  FastPay: [1;36m108[0m [1m([0m [1;36m1.9[0m%[1m)[0m  SecurePay:  [1;36m66[0m [1m([0m [1;36m0.0[0m%[1m)[0m  QuickPay:  [1;36m26[0m [1m([0m [1;36m0.0[0m%[1m)[0m  |  checkout failures [32m  [0m[1;32m1.0[0m[32m%[0m
t+  74s  FastPay: [1;36m121[0m [1m([0m [1;36m0.0[0m%[1m)[0m  SecurePay:  [1;36m60[0m [1m([0m [1;36m0.0[0m%[1m)[0m  QuickPay:  [1;36m19[0m [1m([0m [1;36m0.0[0m%[1m)[0m  |  checkout failures [32m  [0m[1;32m0.0[0m[32m%[0m
t+  75s  FastPay: [1;36m132[0m [1m([0m [1;36m1.5[0m%[1m)[0m  SecurePay:  [1;36m49[0m [1m([0m [1;36m0.0[0m%[1m)[0m  QuickPay:  [1;36m19[0m [1m([0m [1;36m0.0[0m%[1m)[0m  |  checkout failures [32m  [0m[1;32m1.0[0m[32m%[0m
t+  76s  FastPay: [1;36m125[0m [1m([0m [1;36m0.0[0m%[1m)[0m  SecurePay:  [1;36m57[0m [1m([0m [1;36m0.0[0m%[1m)[0m  QuickPay:  [1;36m18[0m [1m([0m [1;36m0.0[0m%[1m)[0m  |  checkout failures [32m  [0m[1;32m0.0[0m[32m%[0m
t+  77s  FastPay: [1;36m112[0m [1m([0m [1;36m0.0[0m%[1m)[0m  SecurePay:  [1;36m64[0m [1m([0m [1;36m0.0[0m%[1m)[0m  QuickPay:  [1;36m24[0m [1m([0m [1;36m4.2[0m%[1m)[0m  |  checkout failures [32m  [0m[1;32m0.5[0m[32m%[0m
t+  78s  FastPay: [1;36m124[0m [1m([0m [1;36m0.8[0m%[1m)[0m  SecurePay:  [1;36m53[0m [1m([0m [1;36m0.0[0m%[1m)[0m  QuickPay:  [1;36m23[0m [1m([0m [1;36m8.7[0m%[1m)[0m  |  checkout failures [32m  [0m[1;32m1.5[0m[32m%[0m
t+  79s  FastPay: [1;36m118[0m [1m([0m [1;36m0.8[0m%[1m)[0m  SecurePay:  [1;36m63[0m [1m([0m [1;36m1.6[0m%[1m)[0m  QuickPay:  [1;36m19[0m [1m([0m [1;36m0.0[0m%[1m)[0m  |  checkout failures [32m  [0m[1;32m1.0[0m[32m%[0m
t+  80s  FastPay: [1;36m128[0m [1m([0m [1;36m1.6[0m%[1m)[0m  SecurePay:  [1;36m50[0m [1m([0m [1;36m0.0[0m%[1m)[0m  QuickPay:  [1;36m22[0m [1m([0m [1;36m0.0[0m%[1m)[0m  |  checkout failures [32m  [0m[1;32m1.0[0m[32m%[0m
t+  81s  FastPay: [1;36m121[0m [1m([0m [1;36m1.7[0m%[1m)[0m  SecurePay:  [1;36m50[0m [1m([0m [1;36m2.0[0m%[1m)[0m  QuickPay:  [1;36m29[0m [1m([0m [1;36m0.0[0m%[1m)[0m  |  checkout failures [32m  [0m[1;32m1.5[0m[32m%[0m
t+  82s  FastPay: [1;36m133[0m [1m([0m [1;36m1.5[0m%[1m)[0m  SecurePay:  [1;36m50[0m [1m([0m [1;36m2.0[0m%[1m)[0m  QuickPay:  [1;36m17[0m [1m([0m [1;36m0.0[0m%[1m)[0m  |  checkout failures [32m  [0m[1;32m1.5[0m[32m%[0m
t+  83s  FastPay: [1;36m122[0m [1m([0m [1;36m0.8[0m%[1m)[0m  SecurePay:  [1;36m47[0m [1m([0m [1;36m0.0[0m%[1m)[0m  QuickPay:  [1;36m31[0m [1m([0m [1;36m3.2[0m%[1m)[0m  |  checkout failures [32m  [0m[1;32m1.0[0m[32m%[0m
t+  84s  FastPay: [1;36m109[0m [1m([0m [1;36m0.0[0m%[1m)[0m  SecurePay:  [1;36m64[0m [1m([0m [1;36m1.6[0m%[1m)[0m  QuickPay:  [1;36m27[0m [1m([0m [1;36m0.0[0m%[1m)[0m  |  checkout failures [32m  [0m[1;32m0.5[0m[32m%[0m
t+  85s  FastPay: [1;36m122[0m [1m([0m [1;36m0.8[0m%[1m)[0m  SecurePay:  [1;36m58[0m [1m([0m [1;36m0.0[0m%[1m)[0m  QuickPay:  [1;36m20[0m [1m([0m [1;36m0.0[0m%[1m)[0m  |  checkout failures [32m  [0m[1;32m0.5[0m[32m%[0m
t+  86s  FastPay: [1;36m123[0m [1m([0m [1;36m0.8[0m%[1m)[0m  SecurePay:  [1;36m54[0m [1m([0m [1;36m0.0[0m%[1m)[0m  QuickPay:  [1;36m23[0m [1m([0m [1;36m0.0[0m%[1m)[0m  |  checkout failures [32m  [0m[1;32m0.5[0m[32m%[0m
t+  87s  FastPay: [1;36m124[0m [1m([0m [1;36m0.8[0m%[1m)[0m  SecurePay:  [1;36m64[0m [1m([0m [1;36m0.0[0m%[1m)[0m  QuickPay:  [1;36m12[0m [1m([0m [1;36m0.0[0m%[1m)[0m  |  checkout failures [32m  [0m[1;32m0.5[0m[32m%[0m
t+  88s  FastPay: [1;36m116[0m [1m([0m [1;36m0.0[0m%[1m)[0m  SecurePay:  [1;36m60[0m [1m([0m [1;36m0.0[0m%[1m)[0m  QuickPay:  [1;36m24[0m [1m([0m [1;36m0.0[0m%[1m)[0m  |  checkout failures [32m  [0m[1;32m0.0[0m[32m%[0m
t+  89s  FastPay: [1;36m133[0m [1m([0m [1;36m1.5[0m%[1m)[0m  SecurePay:  [1;36m52[0m [1m([0m [1;36m0.0[0m%[1m)[0m  QuickPay:  [1;36m15[0m [1m([0m [1;36m0.0[0m%[1m)[0m  |  checkout failures [32m  [0m[1;32m1.0[0m[32m%[0m
t+  90s  FastPay: [1;36m120[0m [1m([0m[1;36m81.7[0m%[1m)[0m  SecurePay:  [1;36m61[0m [1m([0m [1;36m0.0[0m%[1m)[0m  QuickPay:  [1;36m19[0m [1m([0m [1;36m0.0[0m%[1m)[0m  |  checkout failures [31m [0m[1;31m49.0[0m[31m%[0m [1;31mOUTAGE INJECTED[0m
t+  91s  FastPay: [1;36m114[0m [1m([0m[1;36m82.5[0m%[1m)[0m  SecurePay:  [1;36m67[0m [1m([0m [1;36m1.5[0m%[1m)[0m  QuickPay:  [1;36m19[0m [1m([0m [1;36m0.0[0m%[1m)[0m  |  checkout failures [31m [0m[1;31m47.5[0m[31m%[0m [1;31mOUTAGE INJECTED[0m
t+  92s  FastPay: [1;36m117[0m [1m([0m[1;36m81.2[0m%[1m)[0m  SecurePay:  [1;36m61[0m [1m([0m [1;36m0.0[0m%[1m)[0m  QuickPay:  [1;36m22[0m [1m([0m [1;36m0.0[0m%[1m)[0m  |  checkout failures [31m [0m[1;31m47.5[0m[31m%[0m [1;31mOUTAGE INJECTED[0m
t+  93s  FastPay: [1;36m124[0m [1m([0m[1;36m77.4[0m%[1m)[0m  SecurePay:  [1;36m58[0m [1m([0m [1;36m0.0[0m%[1m)[0m  QuickPay:  [1;36m18[0m [1m([0m [1;36m5.6[0m%[1m)[0m  |  checkout failures [31m [0m[1;31m48.5[0m[31m%[0m [1;31mOUTAGE INJECTED[0m
t+  94s  FastPay: [1;36m111[0m [1m([0m[1;36m78.4[0m%[1m)[0m  SecurePay:  [1;36m54[0m [1m([0m [1;36m0.0[0m%[1m)[0m  QuickPay:  [1;36m35[0m [1m([0m [1;36m0.0[0m%[1m)[0m  |  checkout failures [31m [0m[1;31m43.5[0m[31m%[0m [1;31mOUTAGE INJECTED[0m
t+  95s  FastPay: [1;36m122[0m [1m([0m[1;36m76.2[0m%[1m)[0m  SecurePay:  [1;36m55[0m [1m([0m [1;36m1.8[0m%[1m)[0m  QuickPay:  [1;36m23[0m [1m([0m [1;36m4.3[0m%[1m)[0m  |  checkout failures [31m [0m[1;31m47.5[0m[31m%[0m [1;31mOUTAGE INJECTED[0m
t+  96s  FastPay: [1;36m125[0m [1m([0m[1;36m80.0[0m%[1m)[0m  SecurePay:  [1;36m58[0m [1m([0m [1;36m0.0[0m%[1m)[0m  QuickPay:  [1;36m17[0m [1m([0m [1;36m0.0[0m%[1m)[0m  |  checkout failures [31m [0m[1;31m50.0[0m[31m%[0m [1;31mOUTAGE INJECTED[0m
t+  97s  FastPay: [1;36m112[0m [1m([0m[1;36m81.2[0m%[1m)[0m  SecurePay:  [1;36m64[0m [1m([0m [1;36m0.0[0m%[1m)[0m  QuickPay:  [1;36m24[0m [1m([0m [1;36m4.2[0m%[1m)[0m  |  checkout failures [31m [0m[1;31m46.0[0m[31m%[0m [1;31mOUTAGE INJECTED[0m
t+  98s  FastPay: [1;36m109[0m [1m([0m[1;36m79.8[0m%[1m)[0m  SecurePay:  [1;36m67[0m [1m([0m [1;36m0.0[0m%[1m)[0m  QuickPay:  [1;36m24[0m [1m([0m [1;36m0.0[0m%[1m)[0m  |  checkout failures [31m [0m[1;31m43.5[0m[31m%[0m [1;31mOUTAGE INJECTED[0m
t+  99s  FastPay: [1;36m117[0m [1m([0m[1;36m81.2[0m%[1m)[0m  SecurePay:  [1;36m65[0m [1m([0m [1;36m0.0[0m%[1m)[0m  QuickPay:  [1;36m18[0m [1m([0m [1;36m5.6[0m%[1m)[0m  |  checkout failures [31m [0m[1;31m48.0[0m[31m%[0m [1;31mOUTAGE INJECTED[0m
t+ 100s  FastPay:  [1;36m96[0m [1m([0m[1;36m88.5[0m%[1m)[0m  SecurePay:  [1;36m73[0m [1m([0m [1;36m0.0[0m%[1m)[0m  QuickPay:  [1;36m31[0m [1m([0m [1;36m0.0[0m%[1m)[0m  |  checkout failures [31m [0m[1;31m42.5[0m[31m%[0m [1;31mOUTAGE INJECTED[0m
t+ 101s  FastPay: [1;36m122[0m [1m([0m[1;36m79.5[0m%[1m)[0m  SecurePay:  [1;36m57[0m [1m([0m [1;36m0.0[0m%[1m)[0m  QuickPay:  [1;36m21[0m [1m([0m [1;36m4.8[0m%[1m)[0m  |  checkout failures [31m [0m[1;31m49.0[0m[31m%[0m [1;31mOUTAGE INJECTED[0m
t+ 102s  FastPay: [1;36m115[0m [1m([0m[1;36m84.3[0m%[1m)[0m  SecurePay:  [1;36m61[0m [1m([0m [1;36m0.0[0m%[1m)[0m  QuickPay:  [1;36m24[0m [1m([0m [1;36m0.0[0m%[1m)[0m  |  checkout failures [31m [0m[1;31m48.5[0m[31m%[0m [1;31mOUTAGE INJECTED[0m
t+ 103s  FastPay: [1;36m128[0m [1m([0m[1;36m77.3[0m%[1m)[0m  SecurePay:  [1;36m51[0m [1m([0m [1;36m0.0[0m%[1m)[0m  QuickPay:  [1;36m21[0m [1m([0m [1;36m4.8[0m%[1m)[0m  |  checkout failures [31m [0m[1;31m50.0[0m[31m%[0m [1;31mOUTAGE INJECTED[0m
t+ 104s  FastPay: [1;36m115[0m [1m([0m[1;36m84.3[0m%[1m)[0m  SecurePay:  [1;36m67[0m [1m([0m [1;36m1.5[0m%[1m)[0m  QuickPay:  [1;36m18[0m [1m([0m [1;36m0.0[0m%[1m)[0m  |  checkout failures [31m [0m[1;31m49.0[0m[31m%[0m [1;31mOUTAGE INJECTED[0m
t+ 105s  FastPay: [1;36m138[0m [1m([0m[1;36m75.4[0m%[1m)[0m  SecurePay:  [1;36m41[0m [1m([0m [1;36m2.4[0m%[1m)[0m  QuickPay:  [1;36m21[0m [1m([0m [1;36m0.0[0m%[1m)[0m  |  checkout failures [31m [0m[1;31m52.5[0m[31m%[0m [1;31mOUTAGE INJECTED[0m
t+ 106s  FastPay: [1;36m108[0m [1m([0m[1;36m75.9[0m%[1m)[0m  SecurePay:  [1;36m61[0m [1m([0m [1;36m0.0[0m%[1m)[0m  QuickPay:  [1;36m31[0m [1m([0m [1;36m0.0[0m%[1m)[0m  |  checkout failures [31m [0m[1;31m41.0[0m[31m%[0m [1;31mOUTAGE INJECTED[0m
t+ 107s  FastPay: [1;36m126[0m [1m([0m[1;36m81.0[0m%[1m)[0m  SecurePay:  [1;36m51[0m [1m([0m [1;36m0.0[0m%[1m)[0m  QuickPay:  [1;36m23[0m [1m([0m [1;36m0.0[0m%[1m)[0m  |  checkout failures [31m [0m[1;31m51.0[0m[31m%[0m [1;31mOUTAGE INJECTED[0m
t+ 108s  FastPay: [1;36m115[0m [1m([0m[1;36m76.5[0m%[1m)[0m  SecurePay:  [1;36m59[0m [1m([0m [1;36m0.0[0m%[1m)[0m  QuickPay:  [1;36m26[0m [1m([0m [1;36m3.8[0m%[1m)[0m  |  checkout failures [31m [0m[1;31m44.5[0m[31m%[0m [1;31mOUTAGE INJECTED[0m
t+ 109s  FastPay: [1;36m109[0m [1m([0m[1;36m78.9[0m%[1m)[0m  SecurePay:  [1;36m62[0m [1m([0m [1;36m0.0[0m%[1m)[0m  QuickPay:  [1;36m29[0m [1m([0m [1;36m3.4[0m%[1m)[0m  |  checkout failures [31m [0m[1;31m43.5[0m[31m%[0m [1;31mOUTAGE INJECTED[0m
t+ 110s  FastPay: [1;36m117[0m [1m([0m[1;36m77.8[0m%[1m)[0m  SecurePay:  [1;36m60[0m [1m([0m [1;36m0.0[0m%[1m)[0m  QuickPay:  [1;36m23[0m [1m([0m [1;36m4.3[0m%[1m)[0m  |  checkout failures [31m [0m[1;31m46.0[0m[31m%[0m [1;31mOUTAGE INJECTED[0m
t+ 111s  FastPay: [1;36m120[0m [1m([0m[1;36m71.7[0m%[1m)[0m  SecurePay:  [1;36m54[0m [1m([0m [1;36m0.0[0m%[1m)[0m  QuickPay:  [1;36m26[0m [1m([0m [1;36m0.0[0m%[1m)[0m  |  checkout failures [31m [0m[1;31m43.0[0m[31m%[0m [1;31mOUTAGE INJECTED[0m
