[1;36mPublishing ~[0m[1;36m200[0m[1;36m events/s to payment-events[0m
t+   0s  FastPay: [1;36m130[0m [1m([0m [1;36m0.8[0m%[1m)[0m  SecurePay:  [1;36m51[0m [1m([0m [1;36m2.0[0m%[1m)[0m  QuickPay:  [1;36m19[0m [1m([0m [1;36m5.3[0m%[1m)[0m  |  checkout failures [32m  [0m[1;32m1.5[0m[32m%[0m
t+   1s  FastPay: [1;36m120[0m [1m([0m [1;36m0.8[0m%[1m)[0m  SecurePay:  [1;36m66[0m [1m([0m [1;36m0.0[0m%[1m)[0m  QuickPay:  [1;36m14[0m [1m([0m [1;36m0.0[0m%[1m)[0m  |  checkout failures [32m  [0m[1;32m0.5[0m[32m%[0m
t+   2s  FastPay: [1;36m128[0m [1m([0m [1;36m0.0[0m%[1m)[0m  SecurePay:  [1;36m48[0m [1m([0m [1;36m2.1[0m%[1m)[0m  QuickPay:  [1;36m24[0m [1m([0m [1;36m0.0[0m%[1m)[0m  |  checkout failures [32m  [0m[1;32m0.5[0m[32m%[0m
t+   3s  FastPay: [1;36m109[0m [1m([0m [1;36m0.0[0m%[1m)[0m  SecurePay:  [1;36m71[0m [1m([0m [1;36m2.8[0m%[1m)[0m  QuickPay:  [1;36m20[0m [1m([0m [1;36m5.0[0m%[1m)[0m  |  checkout failures [32m  [0m[1;32m1.5[0m[32m%[0m
t+   4s  FastPay: [1;36m124[0m [1m([0m [1;36m0.0[0m%[1m)[0m  SecurePay:  [1;36m60[0m [1m([0m [1;36m0.0[0m%[1m)[0m  QuickPay:  [1;36m16[0m [1m([0m [1;36m0.0[0m%[1m)[0m  |  checkout failures [32m  [0m[1;32m0.0[0m[32m%[0m
t+   5s  FastPay: [1;36m135[0m [1m([0m [1;36m0.0[0m%[1m)[0m  SecurePay:  [1;36m44[0m [1m([0m [1;36m2.3[0m%[1m)[0m  QuickPay:  [1;36m21[0m [1m([0m [1;36m4.8[0m%[1m)[0m  |  checkout failures [32m  [0m[1;32m1.0[0m[32m%[0m
t+   6s  FastPay: [1;36m120[0m [1m([0m [1;36m0.0[0m%[1m)[0m  SecurePay:  [1;36m60[0m [1m([0m [1;36m0.0[0m%[1m)[0m  QuickPay:  [1;36m20[0m [1m([0m [1;36m0.0[0m%[1m)[0m  |  checkout failures [32m  [0m[1;32m0.0[0m[32m%[0m
t+   7s  FastPay: [1;36m126[0m [1m([0m [1;36m0.0[0m%[1m)[0m  SecurePay:  [1;36m54[0m [1m([0m [1;36m0.0[0m%[1m)[0m  QuickPay:  [1;36m20[0m [1m([0m [1;36m0.0[0m%[1m)[0m  |  checkout failures [32m  [0m[1;32m0.0[0m[32m%[0m
t+   8s  FastPay: [1;36m127[0m [1m([0m [1;36m1.6[0m%[1m)[0m  SecurePay:  [1;36m56[0m [1m([0m [1;36m0.0[0m%[1m)[0m  QuickPay:  [1;36m17[0m [1m([0m [1;36m0.0[0m%[1m)[0m  |  checkout failures [32m  [0m[1;32m1.0[0m[32m%[0m
t+   9s  FastPay: [1;36m130[0m [1m([0m [1;36m0.0[0m%[1m)[0m  SecurePay:  [1;36m52[0m [1m([0m [1;36m0.0[0m%[1m)[0m  QuickPay:  [1;36m18[0m [1m([0m [1;36m5.6[0m%[1m)[0m  |  checkout failures [32m  [0m[1;32m0.5[0m[32m%[0m
t+  10s  FastPay: [1;36m112[0m [1m([0m [1;36m0.9[0m%[1m)[0m  SecurePay:  [1;36m65[0m [1m([0m [1;36m1.5[0m%[1m)[0m  QuickPay:  [1;36m23[0m [1m([0m [1;36m0.0[0m%[1m)[0m  |  checkout failures [32m  [0m[1;32m1.0[0m[32m%[0m
t+  11s  FastPay: [1;36m125[0m [1m([0m [1;36m0.0[0m%[1m)[0m  SecurePay:  [1;36m55[0m [1m([0m [1;36m1.8[0m%[1m)[0m  QuickPay:  [1;36m20[0m [1m([0m [1;36m0.0[0m%[1m)[0m  |  checkout failures [32m  [0m[1;32m0.5[0m[32m%[0m
t+  12s  FastPay: [1;36m123[0m [1m([0m [1;36m1.6[0m%[1m)[0m  SecurePay:  [1;36m50[0m [1m([0m [1;36m0.0[0m%[1m)[0m  QuickPay:  [1;36m27[0m [1m([0m [1;36m0.0[0m%[1m)[0m  |  checkout failures [32m  [0m[1;32m1.0[0m[32m%[0m
t+  13s  FastPay: [1;36m111[0m [1m([0m [1;36m0.0[0m%[1m)[0m  SecurePay:  [1;36m65[0m [1m([0m [1;36m0.0[0m%[1m)[0m  QuickPay:  [1;36m24[0m [1m([0m [1;36m0.0[0m%[1m)[0m  |  checkout failures [32m  [0m[1;32m0.0[0m[32m%[0m
t+  14s  FastPay: [1;36m120[0m [1m([0m [1;36m1.7[0m%[1m)[0m  SecurePay:  [1;36m53[0m [1m([0m [1;36m0.0[0m%[1m)[0m  QuickPay:  [1;36m27[0m [1m([0m [1;36m0.0[0m%[1m)[0m  |  checkout failures [32m  [0m[1;32m1.0[0m[32m%[0m
t+  15s  FastPay: [1;36m121[0m [1m([0m [1;36m0.0[0m%[1m)[0m  SecurePay:  [1;36m53[0m [1m([0m [1;36m1.9[0m%[1m)[0m  QuickPay:  [1;36m26[0m [1m([0m [1;36m3.8[0m%[1m)[0m  |  checkout failures [32m  [0m[1;32m1.0[0m[32m%[0m
t+  16s  FastPay: [1;36m117[0m [1m([0m [1;36m0.9[0m%[1m)[0m  SecurePay:  [1;36m67[0m [1m([0m [1;36m3.0[0m%[1m)[0m  QuickPay:  [1;36m16[0m [1m([0m [1;36m6.2[0m%[1m)[0m  |  checkout failures [32m  [0m[1;32m2.0[0m[32m%[0m
t+  17s  FastPay: [1;36m125[0m [1m([0m [1;36m2.4[0m%[1m)[0m  SecurePay:  [1;36m59[0m [1m([0m [1;36m0.0[0m%[1m)[0m  QuickPay:  [1;36m16[0m [1m([0m [1;36m0.0[0m%[1m)[0m  |  checkout failures [32m  [0m[1;32m1.5[0m[32m%[0m
t+  18s  FastPay: [1;36m131[0m [1m([0m [1;36m1.5[0m%[1m)[0m  SecurePay:  [1;36m49[0m [1m([0m [1;36m0.0[0m%[1m)[0m  QuickPay:  [1;36m20[0m [1m([0m [1;36m0.0[0m%[1m)[0m  |  checkout failures [32m  [0m[1;32m1.0[0m[32m%[0m
t+  19s  FastPay: [1;36m123[0m [1m([0m [1;36m0.0[0m%[1m)[0m  SecurePay:  [1;36m56[0m [1m([0m [1;36m0.0[0m%[1m)[0m  QuickPay:  [1;36m21[0m [1m([0m [1;36m0.0[0m%[1m)[0m  |  checkout failures [32m  [0m[1;32m0.0[0m[32m%[0m
t+  20s  FastPay: [1;36m128[0m [1m([0m [1;36m0.0[0m%[1m)[0m  SecurePay:  [1;36m56[0m [1m([0m [1;36m0.0[0m%[1m)[0m  QuickPay:  [1;36m16[0m [1m([0m [1;36m6.2[0m%[1m)[0m  |  checkout failures [32m  [0m[1;32m0.5[0m[32m%[0m
t+  21s  FastPay: [1;36m119[0m [1m([0m [1;36m2.5[0m%[1m)[0m  SecurePay:  [1;36m63[0m [1m([0m [1;36m0.0[0m%[1m)[0m  QuickPay:  [1;36m18[0m [1m([0m [1;36m0.0[0m%[1m)[0m  |  checkout failures [32m  [0m[1;32m1.5[0m[32m%[0m
t+  22s  FastPay: [1;36m111[0m [1m([0m [1;36m2.7[0m%[1m)[0m  SecurePay:  [1;36m62[0m [1m([0m [1;36m0.0[0m%[1m)[0m  QuickPay:  [1;36m27[0m [1m([0m [1;36m0.0[0m%[1m)[0m  |  checkout failures [32m  [0m[1;32m1.5[0m[32m%[0m
t+  23s  FastPay: [1;36m112[0m [1m([0m [1;36m0.0[0m%[1m)[0m  SecurePay:  [1;36m62[0m [1m([0m [1;36m1.6[0m%[1m)[0m  QuickPay:  [1;36m26[0m [1m([0m [1;36m0.0[0m%[1m)[0m  |  checkout failures [32m  [0m[1;32m0.5[0m[32m%[0m
t+  24s  FastPay: [1;36m112[0m [1m([0m [1;36m0.9[0m%[1m)[0m  SecurePay:  [1;36m59[0m [1m([0m [1;36m0.0[0m%[1m)[0m  QuickPay:  [1;36m29[0m [1m([0m [1;36m6.9[0m%[1m)[0m  |  checkout failures [32m  [0m[1;32m1.5[0m[32m%[0m
t+  25s  FastPay: [1;36m113[0m [1m([0m [1;36m0.9[0m%[1m)[0m  SecurePay:  [1;36m59[0m [1m([0m [1;36m0.0[0m%[1m)[0m  QuickPay:  [1;36m28[0m [1m([0m [1;36m7.1[0m%[1m)[0m  |  checkout failures [32m  [0m[1;32m1.5[0m[32m%[0m
t+  26s  FastPay: [1;36m108[0m [1m([0m [1;36m1.9[0m%[1m)[0m  SecurePay:  [1;36m67[0m [1m([0m [1;36m0.0[0m%[1m)[0m  QuickPay:  [1;36m25[0m [1m([0m [1;36m0.0[0m%[1m)[0m  |  checkout failures [32m  [0m[1;32m1.0[0m[32m%[0m
t+  27s  FastPay: [1;36m114[0m [1m([0m [1;36m0.9[0m%[1m)[0m  SecurePay:  [1;36m65[0m [1m([0m [1;36m0.0[0m%[1m)[0m  QuickPay:  [1;36m21[0m [1m([0m [1;36m0.0[0m%[1m)[0m  |  checkout failures [32m  [0m[1;32m0.5[0m[32m%[0m
t+  28s  FastPay: [1;36m114[0m [1m([0m [1;36m0.9[0m%[1m)[0m  SecurePay:  [1;36m65[0m [1m([0m [1;36m1.5[0m%[1m)[0m  QuickPay:  [1;36m21[0m [1m([0m [1;36m0.0[0m%[1m)[0m  |  checkout failures [32m  [0m[1;32m1.0[0m[32m%[0m
t+  29s  FastPay: [1;36m119[0m [1m([0m [1;36m0.8[0m%[1m)[0m  SecurePay:  [1;36m60[0m [1m([0m [1;36m0.0[0m%[1m)[0m  QuickPay:  [1;36m21[0m [1m([0m [1;36m0.0[0m%[1m)[0m  |  checkout failures [32m  [0m[1;32m0.5[0m[32m%[0m
t+  30s  FastPay: [1;36m113[0m [1m([0m [1;36m0.9[0m%[1m)[0m  SecurePay:  [1;36m65[0m [1m([0m [1;36m0.0[0m%[1m)[0m  QuickPay:  [1;36m22[0m [1m([0m [1;36m0.0[0m%[1m)[0m  |  checkout failures [32m  [0m[1;32m0.5[0m[32m%[0m
t+  31s  FastPay: [1;36m117[0m [1m([0m [1;36m0.9[0m%[1m)[0m  SecurePay:  [1;36m65[0m [1m([0m [1;36m0.0[0m%[1m)[0m  QuickPay:  [1;36m18[0m [1m([0m [1;36m0.0[0m%[1m)[0m  |  checkout failures [32m  [0m[1;32m0.5[0m[32m%[0m
t+  32s  FastPay: [1;36m137[0m [1m([0m [1;36m1.5[0m%[1m)[0m  SecurePay:  [1;36m45[0m [1m([0m [1;36m4.4[0m%[1m)[0m  QuickPay:  [1;36m18[0m [1m([0m [1;36m0.0[0m%[1m)[0m  |  checkout failures [32m  [0m[1;32m2.0[0m[32m%[0m
t+  33s  FastPay: [1;36m114[0m [1m([0m [1;36m1.8[0m%[1m)[0m  SecurePay:  [1;36m68[0m [1m([0m [1;36m0.0[0m%[1m)[0m  QuickPay:  [1;36m18[0m [1m([0m [1;36m5.6[0m%[1m)[0m  |  checkout failures [32m  [0m[1;32m1.5[0m[32m%[0m
t+  34s  FastPay: [1;36m129[0m [1m([0m [1;36m1.6[0m%[1m)[0m  SecurePay:  [1;36m50[0m [1m([0m [1;36m0.0[0m%[1m)[0m  QuickPay:  [1;36m21[0m [1m([0m [1;36m4.8[0m%[1m)[0m  |  checkout failures [32m  [0m[1;32m1.5[0m[32m%[0m
t+  35s  FastPay: [1;36m126[0m [1m([0m [1;36m2.4[0m%[1m)[0m  SecurePay:  [1;36m51[0m [1m([0m [1;36m0.0[0m%[1m)[0m  QuickPay:  [1;36m23[0m [1m([0m[1;36m13.0[0m%[1m)[0m  |  checkout failures [32m  [0m[1;32m3.0[0m[32m%[0m
t+  36s  FastPay: [1;36m114[0m [1m([0m [1;36m0.9[0m%[1m)[0m  SecurePay:  [1;36m63[0m [1m([0m [1;36m0.0[0m%[1m)[0m  QuickPay:  [1;36m23[0m [1m([0m [1;36m0.0[0m%[1m)[0m  |  checkout failures [32m  [0m[1;32m0.5[0m[32m%[0m
t+  37s  FastPay: [1;36m139[0m [1m([0m [1;36m0.7[0m%[1m)[0m  SecurePay:  [1;36m51[0m [1m([0m [1;36m0.0[0m%[1m)[0m  QuickPay:  [1;36m10[0m [1m([0m [1;36m0.0[0m%[1m)[0m  |  checkout failures [32m  [0m[1;32m0.5[0m[32m%[0m
t+  38s  FastPay: [1;36m121[0m [1m([0m [1;36m0.8[0m%[1m)[0m  SecurePay:  [1;36m56[0m [1m([0m [1;36m0.0[0m%[1m)[0m  QuickPay:  [1;36m23[0m [1m([0m [1;36m0.0[0m%[1m)[0m  |  checkout failures [32m  [0m[1;32m0.5[0m[32m%[0m
t+  39s  FastPay: [1;36m115[0m [1m([0m [1;36m0.0[0m%[1m)[0m  SecurePay:  [1;36m60[0m [1m([0m [1;36m0.0[0m%[1m)[0m  QuickPay:  [1;36m25[0m [1m([0m [1;36m0.0[0m%[1m)[0m  |  checkout failures [32m  [0m[1;32m0.0[0m[32m%[0m
t+  40s  FastPay: [1;36m126[0m [1m([0m [1;36m0.8[0m%[1m)[0m  SecurePay:  [1;36m59[0m [1m([0m [1;36m0.0[0m%[1m)[0m  QuickPay:  [1;36m15[0m [1m([0m [1;36m0.0[0m%[1m)[0m  |  checkout failures [32m  [0m[1;32m0.5[0m[32m%[0m
t+  41s  FastPay: [1;36m110[0m [1m([0m [1;36m0.0[0m%[1m)[0m  SecurePay:  [1;36m62[0m [1m([0m [1;36m0.0[0m%[1m)[0m  QuickPay:  [1;36m28[0m [1m([0m [1;36m0.0[0m%[1m)[0m  |  checkout failures [32m  [0m[1;32m0.0[0m[32m%[0m
t+  42s  FastPay: [1;36m116[0m [1m([0m [1;36m0.0[0m%[1m)[0m  SecurePay:  [1;36m67[0m [1m([0m [1;36m1.5[0m%[1m)[0m  QuickPay:  [1;36m17[0m [1m([0m [1;36m5.9[0m%[1m)[0m  |  checkout failures [32m  [0m[1;32m1.0[0m[32m%[0m
t+  43s  FastPay: [1;36m134[0m [1m([0m [1;36m0.7[0m%[1m)[0m  SecurePay:  [1;36m53[0m [1m([0m [1;36m1.9[0m%[1m)[0m  QuickPay:  [1;36m13[0m [1m([0m [1;36m0.0[0m%[1m)[0m  |  checkout failures [32m  [0m[1;32m1.0[0m[32m%[0m
t+  44s  FastPay: [1;36m117[0m [1m([0m [1;36m0.9[0m%[1m)[0m  SecurePay:  [1;36m65[0m [1m([0m [1;36m0.0[0m%[1m)[0m  QuickPay:  [1;36m18[0m [1m([0m [1;36m5.6[0m%[1m)[0m  |  checkout failures [32m  [0m[1;32m1.0[0m[32m%[0m
t+  45s  FastPay: [1;36m128[0m [1m([0m [1;36m0.0[0m%[1m)[0m  SecurePay:  [1;36m56[0m [1m([0m [1;36m0.0[0m%[1m)[0m  QuickPay:  [1;36m16[0m [1m([0m [1;36m0.0[0m%[1m)[0m  |  checkout failures [32m  [0m[1;32m0.0[0m[32m%[0m
t+  46s  FastPay: [1;36m115[0m [1m([0m [1;36m3.5[0m%[1m)[0m  SecurePay:  [1;36m54[0m [1m([0m [1;36m0.0[0m%[1m)[0m  QuickPay:  [1;36m31[0m [1m([0m [1;36m0.0[0m%[1m)[0m  |  checkout failures [32m  [0m[1;32m2.0[0m[32m%[0m
t+  47s  FastPay: [1;36m119[0m [1m([0m [1;36m1.7[0m%[1m)[0m  SecurePay:  [1;36m71[0m [1m([0m [1;36m0.0[0m%[1m)[0m  QuickPay:  [1;36m10[0m [1m([0m [1;36m0.0[0m%[1m)[0m  |  checkout failures [32m  [0m[1;32m1.0[0m[32m%[0m
t+  48s  FastPay: [1;36m131[0m [1m([0m [1;36m0.0[0m%[1m)[0m  SecurePay:  [1;36m58[0m [1m([0m [1;36m1.7[0m%[1m)[0m  QuickPay:  [1;36m11[0m [1m([0m [1;36m9.1[0m%[1m)[0m  |  checkout failures [32m  [0m[1;32m1.0[0m[32m%[0m
t+  49s  FastPay: [1;36m134[0m [1m([0m [1;36m0.7[0m%[1m)[0m  SecurePay:  [1;36m47[0m [1m([0m [1;36m0.0[0m%[1m)[0m  QuickPay:  [1;36m19[0m [1m([0m [1;36m0.0[0m%[1m)[0m  |  checkout failures [32m  [0m[1;32m0.5[0m[32m%[0m
t+  50s  FastPay: [1;36m121[0m [1m([0m [1;36m1.7[0m%[1m)[0m  SecurePay:  [1;36m58[0m [1m([0m [1;36m0.0[0m%[1m)[0m  QuickPay:  [1;36m21[0m [1m([0m [1;36m0.0[0m%[1m)[0m  |  checkout failures [32m  [0m[1;32m1.0[0m[32m%[0m
t+  51s  FastPay: [1;36m130[0m [1m([0m [1;36m0.8[0m%[1m)[0m  SecurePay:  [1;36m52[0m [1m([0m [1;36m0.0[0m%[1m)[0m  QuickPay:  [1;36m18[0m [1m([0m [1;36m0.0[0m%[1m)[0m  |  checkout failures [32m  [0m[1;32m0.5[0m[32m%[0m
t+  52s  FastPay: [1;36m124[0m [1m([0m [1;36m0.0[0m%[1m)[0m  SecurePay:  [1;36m61[0m [1m([0m [1;36m3.3[0m%[1m)[0m  QuickPay:  [1;36m15[0m [1m([0m [1;36m0.0[0m%[1m)[0m  |  checkout failures [32m  [0m[1;32m1.0[0m[32m%[0m
t+  53s  FastPay: [1;36m130[0m [1m([0m [1;36m0.0[0m%[1m)[0m  SecurePay:  [1;36m58[0m [1m([0m [1;36m0.0[0m%[1m)[0m  QuickPay:  [1;36m12[0m [1m([0m [1;36m0.0[0m%[1m)[0m  |  checkout failures [32m  [0m[1;32m0.0[0m[32m%[0m
t+  54s  FastPay: [1;36m113[0m [1m([0m [1;36m0.0[0m%[1m)[0m  SecurePay:  [1;36m69[0m [1m([0m [1;36m1.4[0m%[1m)[0m  QuickPay:  [1;36m18[0m [1m([0m [1;36m0.0[0m%[1m)[0m  |  checkout failures [32m  [0m[1;32m0.5[0m[32m%[0m
t+  55s  FastPay: [1;36m119[0m [1m([0m [1;36m1.7[0m%[1m)[0m  SecurePay:  [1;36m53[0m [1m([0m [1;36m0.0[0m%[1m)[0m  QuickPay:  [1;36m28[0m [1m([0m [1;36m0.0[0m%[1m)[0m  |  checkout failures [32m  [0m[1;32m1.0[0m[32m%[0m
t+  56s  FastPay: [1;36m120[0m [1m([0m [1;36m0.0[0m%[1m)[0m  SecurePay:  [1;36m57[0m [1m([0m [1;36m0.0[0m%[1m)[0m  QuickPay:  [1;36m23[0m [1m([0m [1;36m0.0[0m%[1m)[0m  |  checkout failures [32m  [0m[1;32m0.0[0m[32m%[0m
t+  57s  FastPay: [1;36m110[0m [1m([0m [1;36m0.9[0m%[1m)[0m  SecurePay:  [1;36m65[0m [1m([0m [1;36m0.0[0m%[1m)[0m  QuickPay:  [1;36m25[0m [1m([0m [1;36m0.0[0m%[1m)[0m  |  checkout failures [32m  [0m[1;32m0.5[0m[32m%[0m
t+  58s  FastPay: [1;36m116[0m [1m([0m [1;36m1.7[0m%[1m)[0m  SecurePay:  [1;36m59[0m [1m([0m [1;36m3.4[0m%[1m)[0m  QuickPay:  [1;36m25[0m [1m([0m [1;36m4.0[0m%[1m)[0m  |  checkout failures [32m  [0m[1;32m2.5[0m[32m%[0m
t+  59s  FastPay: [1;36m108[0m [1m([0m [1;36m1.9[0m%[1m)[0m  SecurePay:  [1;36m66[0m [1m([0m [1;36m0.0[0m%[1m)[0m  QuickPay:  [1;36m26[0m [1m([0m [1;36m0.0[0m%[1m)[0m  |  checkout failures [32m  [0m[1;32m1.0[0m[32m%[0m
t+  60s  FastPay: [1;36m132[0m [1m([0m [1;36m0.8[0m%[1m)[0m  SecurePay:  [1;36m52[0m [1m([0m [1;36m0.0[0m%[1m)[0m  QuickPay:  [1;36m16[0m [1m([0m [1;36m0.0[0m%[1m)[0m  |  checkout failures [32m  [0m[1;32m0.5[0m[32m%[0m
t+  61s  FastPay: [1;36m108[0m [1m([0m [1;36m0.9[0m%[1m)[0m  SecurePay:  [1;36m73[0m [1m([0m [1;36m1.4[0m%[1m)[0m  QuickPay:  [1;36m19[0m [1m([0m [1;36m5.3[0m%[1m)[0m  |  checkout failures [32m  [0m[1;32m1.5[0m[32m%[0m
t+  62s  FastPay: [1;36m122[0m [1m([0m [1;36m0.8[0m%[1m)[0m  SecurePay:  [1;36m58[0m [1m([0m [1;36m0.0[0m%[1m)[0m  QuickPay:  [1;36m20[0m [1m([0m [1;36m0.0[0m%[1m)[0m  |  checkout failures [32m  [0m[1;32m0.5[0m[32m%[0m
t+  63s  FastPay: [1;36m123[0m [1m([0m [1;36m0.0[0m%[1m)[0m  SecurePay:  [1;36m59[0m [1m([0m [1;36m0.0[0m%[1m)[0m  QuickPay:  [1;36m18[0m [1m([0m [1;36m0.0[0m%[1m)[0m  |  checkout failures [32m  [0m[1;32m0.0[0m[32m%[0m
t+  64s  FastPay: [1;36m128[0m [1m([0m [1;36m1.6[0m%[1m)[0m  SecurePay:  [1;36m49[0m [1m([0m [1;36m0.0[0m%[1m)[0m  QuickPay:  [1;36m23[0m [1m([0m [1;36m0.0[0m%[1m)[0m  |  checkout failures [32m  [0m[1;32m1.0[0m[32m%[0m
t+  65s  FastPay: [1;36m108[0m [1m([0m [1;36m0.9[0m%[1m)[0m  SecurePay:  [1;36m63[0m [1m([0m [1;36m0.0[0m%[1m)[0m  QuickPay:  [1;36m29[0m [1m([0m [1;36m0.0[0m%[1m)[0m  |  checkout failures [32m  [0m[1;32m0.5[0m[32m%[0m
t+  66s  FastPay: [1;36m127[0m [1m([0m [1;36m0.8[0m%[1m)[0m  SecurePay:  [1;36m58[0m [1m([0m [1;36m0.0[0m%[1m)[0m  QuickPay:  [1;36m15[0m [1m([0m [1;36m0.0[0m%[1m)[0m  |  checkout failures [32m  [0m[1;32m0.5[0m[32m%[0m
t+  67s  FastPay: [1;36m109[0m [1m([0m [1;36m1.8[0m%[1m)[0m  SecurePay:  [1;36m70[0m [1m([0m [1;36m0.0[0m%[1m)[0m  QuickPay:  [1;36m21[0m [1m([0m [1;36m0.0[0m%[1m)[0m  |  checkout failures [32m  [0m[1;32m1.0[0m[32m%[0m
t+  68s  FastPay: [1;36m113[0m [1m([0m [1;36m1.8[0m%[1m)[0m  SecurePay:  [1;36m73[0m [1m([0m [1;36m0.0[0m%[1m)[0m  QuickPay:  [1;36m14[0m [1m([0m [1;36m0.0[0m%[1m)[0m  |  checkout failures [32m  [0m[1;32m1.0[0m[32m%[0m
t+  69s  FastPay: [1;36m128[0m [1m([0m [1;36m0.0[0m%[1m)[0m  SecurePay:  [1;36m52[0m [1m([0m [1;36m1.9[0m%[1m)[0m  QuickPay:  [1;36m20[0m [1m([0m [1;36m0.0[0m%[1m)[0m  |  checkout failures [32m  [0m[1;32m0.5[0m[32m%[0m
t+  70s  FastPay: [1;36m125[0m [1m([0m [1;36m1.6[0m%[1m)[0m  SecurePay:  [1;36m54[0m [1m([0m [1;36m1.9[0m%[1m)[0m  QuickPay:  [1;36m21[0m [1m([0m [1;36m4.8[0m%[1m)[0m  |  checkout failures [32m  [0m[1;32m2.0[0m[32m%[0m
t+  71s  FastPay: [1;36m123[0m [1m([0m [1;36m0.0[0m%[1m)[0m  SecurePay:  [1;36m56[0m [1m([0m [1;36m1.8[0m%[1m)[0m  QuickPay:  [1;36m21[0m [1m([0m [1;36m0.0[0m%[1m)[0m  |  checkout failures [32m  [0m[1;32m0.5[0m[32m%[0m
t+  72s  FastPay: [1;36m125[0m [1m([0m [1;36m0.0[0m%[1m)[0m  SecurePay:  [1;36m54[0m [1m([0m [1;36m0.0[0m%[1m)[0m  QuickPay:  [1;36m21[0m [1m([0m [1;36m4.8[0m%[1m)[0m  |  checkout failures [32m  [0m[1;32m0.5[0m[32m%[0m
t+  73s  FastPay: [1;36m113[0m [1m([0m [1;36m1.8[0m%[1m)[0m  SecurePay:  [1;36m68[0m [1m([0m [1;36m0.0[0m%[1m)[0m  QuickPay:  [1;36m19[0m [1m([0m [1;36m5.3[0m%[1m)[0m  |  checkout failures [32m  [0m[1;32m1.5[0m[32m%[0m
t+  74s  FastPay: [1;36m117[0m [1m([0m [1;36m0.0[0m%[1m)[0m  SecurePay:  [1;36m52[0m [1m([0m [1;36m1.9[0m%[1m)[0m  QuickPay:  [1;36m31[0m [1m([0m [1;36m0.0[0m%[1m)[0m  |  checkout failures [32m  [0m[1;32m0.5[0m[32m%[0m
t+  75s  FastPay: [1;36m120[0m [1m([0m [1;36m0.0[0m%[1m)[0m  SecurePay:  [1;36m58[0m [1m([0m [1;36m0.0[0m%[1m)[0m  QuickPay:  [1;36m22[0m [1m([0m [1;36m0.0[0m%[1m)[0m  |  checkout failures [32m  [0m[1;32m0.0[0m[32m%[0m
t+  76s  FastPay: [1;36m126[0m [1m([0m [1;36m0.8[0m%[1m)[0m  SecurePay:  [1;36m59[0m [1m([0m [1;36m0.0[0m%[1m)[0m  QuickPay:  [1;36m15[0m [1m([0m [1;36m0.0[0m%[1m)[0m  |  checkout failures [32m  [0m[1;32m0.5[0m[32m%[0m
t+  77s  FastPay: [1;36m114[0m [1m([0m [1;36m0.9[0m%[1m)[0m  SecurePay:  [1;36m69[0m [1m([0m [1;36m1.4[0m%[1m)[0m  QuickPay:  [1;36m17[0m [1m([0m [1;36m0.0[0m%[1m)[0m  |  checkout failures [32m  [0m[1;32m1.0[0m[32m%[0m
t+  78s  FastPay: [1;36m116[0m [1m([0m [1;36m0.9[0m%[1m)[0m  SecurePay:  [1;36m64[0m [1m([0m [1;36m1.6[0m%[1m)[0m  QuickPay:  [1;36m20[0m [1m([0m [1;36m0.0[0m%[1m)[0m  |  checkout failures [32m  [0m[1;32m1.0[0m[32m%[0m
t+  79s  FastPay: [1;36m122[0m [1m([0m [1;36m0.0[0m%[1m)[0m  SecurePay:  [1;36m63[0m [1m([0m [1;36m1.6[0m%[1m)[0m  QuickPay:  [1;36m15[0m [1m([0m [1;36m0.0[0m%[1m)[0m  |  checkout failures [32m  [0m[1;32m0.5[0m[32m%[0m
t+  80s  FastPay: [1;36m136[0m [1m([0m [1;36m2.2[0m%[1m)[0m  SecurePay:  [1;36m48[0m [1m([0m [1;36m0.0[0m%[1m)[0m  QuickPay:  [1;36m16[0m [1m([0m [1;36m0.0[0m%[1m)[0m  |  checkout failures [32m  [0m[1;32m1.5[0m[32m%[0m
t+  81s  FastPay: [1;36m114[0m [1m([0m [1;36m0.0[0m%[1m)[0m  SecurePay:  [1;36m60[0m [1m([0m [1;36m0.0[0m%[1m)[0m  QuickPay:  [1;36m26[0m [1m([0m [1;36m0.0[0m%[1m)[0m  |  checkout failures [32m  [0m[1;32m0.0[0m[32m%[0m
t+  82s  FastPay: [1;36m122[0m [1m([0m [1;36m0.8[0m%[1m)[0m  SecurePay:  [1;36m64[0m [1m([0m [1;36m0.0[0m%[1m)[0m  QuickPay:  [1;36m14[0m [1m([0m [1;36m0.0[0m%[1m)[0m  |  checkout failures [32m  [0m[1;32m0.5[0m[32m%[0m
t+  83s  FastPay: [1;36m120[0m [1m([0m [1;36m2.5[0m%[1m)[0m  SecurePay:  [1;36m51[0m [1m([0m [1;36m0.0[0m%[1m)[0m  QuickPay:  [1;36m29[0m [1m([0m [1;36m0.0[0m%[1m)[0m  |  checkout failures [32m  [0m[1;32m1.5[0m[32m%[0m
t+  84s  FastPay: [1;36m120[0m [1m([0m [1;36m0.0[0m%[1m)[0m  SecurePay:  [1;36m63[0m [1m([0m [1;36m0.0[0m%[1m)[0m  QuickPay:  [1;36m17[0m [1m([0m [1;36m0.0[0m%[1m)[0m  |  checkout failures [32m  [0m[1;32m0.0[0m[32m%[0m
t+  85s  FastPay: [1;36m128[0m [1m([0m [1;36m0.8[0m%[1m)[0m  SecurePay:  [1;36m55[0m [1m([0m [1;36m0.0[0m%[1m)[0m  QuickPay:  [1;36m17[0m [1m([0m [1;36m0.0[0m%[1m)[0m  |  checkout failures [32m  [0m[1;32m0.5[0m[32m%[0m
t+  86s  FastPay: [1;36m119[0m [1m([0m [1;36m0.0[0m%[1m)[0m  SecurePay:  [1;36m64[0m [1m([0m [1;36m1.6[0m%[1m)[0m  QuickPay:  [1;36m17[0m [1m([0m [1;36m0.0[0m%[1m)[0m  |  checkout failures [32m  [0m[1;32m0.5[0m[32m%[0m
t+  87s  FastPay: [1;36m120[0m [1m([0m [1;36m2.5[0m%[1m)[0m  SecurePay:  [1;36m55[0m [1m([0m [1;36m0.0[0m%[1m)[0m  QuickPay:  [1;36m25[0m [1m([0m [1;36m4.0[0m%[1m)[0m  |  checkout failures [32m  [0m[1;32m2.0[0m[32m%[0m
t+  88s  FastPay: [1;36m129[0m [1m([0m [1;36m0.8[0m%[1m)[0m  SecurePay:  [1;36m53[0m [1m([0m [1;36m0.0[0m%[1m)[0m  QuickPay:  [1;36m18[0m [1m([0m [1;36m0.0[0m%[1m)[0m  |  checkout failures [32m  [0m[1;32m0.5[0m[32m%[0m
t+  89s  FastPay: [1;36m123[0m [1m([0m [1;36m1.6[0m%[1m)[0m  SecurePay:  [1;36m53[0m [1m([0m [1;36m0.0[0m%[1m)[0m  QuickPay:  [1;36m24[0m [1m([0m [1;36m4.2[0m%[1m)[0m  |  checkout failures [32m  [0m[1;32m1.5[0m[32m%[0m
t+  90s  FastPay: [1;36m119[0m [1m([0m[1;36m73.9[0m%[1m)[0m  SecurePay:  [1;36m59[0m [1m([0m [1;36m0.0[0m%[1m)[0m  QuickPay:  [1;36m22[0m [1m([0m [1;36m0.0[0m%[1m)[0m  |  checkout failures [31m [0m[1;31m44.0[0m[31m%[0m [1;31mOUTAGE INJECTED[0m
t+  91s  FastPay: [1;36m135[0m [1m([0m[1;36m74.8[0m%[1m)[0m  SecurePay:  [1;36m51[0m [1m([0m [1;36m2.0[0m%[1m)[0m  QuickPay:  [1;36m14[0m [1m([0m [1;36m0.0[0m%[1m)[0m  |  checkout failures [31m [0m[1;31m51.0[0m[31m%[0m [1;31mOUTAGE INJECTED[0m
t+  92s  FastPay: [1;36m109[0m [1m([0m[1;36m80.7[0m%[1m)[0m  SecurePay:  [1;36m66[0m [1m([0m [1;36m0.0[0m%[1m)[0m  QuickPay:  [1;36m25[0m [1m([0m [1;36m0.0[0m%[1m)[0m  |  checkout failures [31m [0m[1;31m44.0[0m[31m%[0m [1;31mOUTAGE INJECTED[0m
t+  93s  FastPay: [1;36m116[0m [1m([0m[1;36m81.0[0m%[1m)[0m  SecurePay:  [1;36m63[0m [1m([0m [1;36m1.6[0m%[1m)[0m  QuickPay:  [1;36m21[0m [1m([0m [1;36m0.0[0m%[1m)[0m  |  checkout failures [31m [0m[1;31m47.5[0m[31m%[0m [1;31mOUTAGE INJECTED[0m
t+  94s  FastPay: [1;36m132[0m [1m([0m[1;36m84.8[0m%[1m)[0m  SecurePay:  [1;36m50[0m [1m([0m [1;36m2.0[0m%[1m)[0m  QuickPay:  [1;36m18[0m [1m([0m [1;36m0.0[0m%[1m)[0m  |  checkout failures [31m [0m[1;31m56.5[0m[31m%[0m [1;31mOUTAGE INJECTED[0m
t+  95s  FastPay: [1;36m118[0m [1m([0m[1;36m79.7[0m%[1m)[0m  SecurePay:  [1;36m63[0m [1m([0m [1;36m1.6[0m%[1m)[0m  QuickPay:  [1;36m19[0m [1m([0m [1;36m0.0[0m%[1m)[0m  |  checkout failures [31m [0m[1;31m47.5[0m[31m%[0m [1;31mOUTAGE INJECTED[0m
t+  96s  FastPay: [1;36m114[0m [1m([0m[1;36m79.8[0m%[1m)[0m  SecurePay:  [1;36m66[0m [1m([0m [1;36m0.0[0m%[1m)[0m  QuickPay:  [1;36m20[0m [1m([0m [1;36m0.0[0m%[1m)[0m  |  checkout failures [31m [0m[1;31m45.5[0m[31m%[0m [1;31mOUTAGE INJECTED[0m
t+  97s  FastPay: [1;36m103[0m [1m([0m[1;36m69.9[0m%[1m)[0m  SecurePay:  [1;36m69[0m [1m([0m [1;36m0.0[0m%[1m)[0m  QuickPay:  [1;36m28[0m [1m([0m [1;36m7.1[0m%[1m)[0m  |  checkout failures [31m [0m[1;31m37.0[0m[31m%[0m [1;31mOUTAGE INJECTED[0m
t+  98s  FastPay: [1;36m114[0m [1m([0m[1;36m76.3[0m%[1m)[0m  SecurePay:  [1;36m70[0m [1m([0m [1;36m1.4[0m%[1m)[0m  QuickPay:  [1;36m16[0m [1m([0m [1;36m0.0[0m%[1m)[0m  |  checkout failures [31m [0m[1;31m44.0[0m[31m%[0m [1;31mOUTAGE INJECTED[0m
t+  99s  FastPay: [1;36m134[0m [1m([0m[1;36m74.6[0m%[1m)[0m  SecurePay:  [1;36m49[0m [1m([0m [1;36m0.0[0m%[1m)[0m  QuickPay:  [1;36m17[0m [1m([0m [1;36m0.0[0m%[1m)[0m  |  checkout failures [31m [0m[1;31m50.0[0m[31m%[0m [1;31mOUTAGE INJECTED[0m
t+ 100s  FastPay: [1;36m121[0m [1m([0m[1;36m78.5[0m%[1m)[0m  SecurePay:  [1;36m54[0m [1m([0m [1;36m0.0[0m%[1m)[0m  QuickPay:  [1;36m25[0m [1m([0m [1;36m0.0[0m%[1m)[0m  |  checkout failures [31m [0m[1;31m47.5[0m[31m%[0m [1;31mOUTAGE INJECTED[0m
t+ 101s  FastPay:  [1;36m99[0m [1m([0m[1;36m71.7[0m%[1m)[0m  SecurePay:  [1;36m81[0m [1m([0m [1;36m2.5[0m%[1m)[0m  QuickPay:  [1;36m20[0m [1m([0m [1;36m0.0[0m%[1m)[0m  |  checkout failures [31m [0m[1;31m36.5[0m[31m%[0m [1;31mOUTAGE INJECTED[0m
t+ 102s  FastPay: [1;36m129[0m [1m([0m[1;36m77.5[0m%[1m)[0m  SecurePay:  [1;36m58[0m [1m([0m [1;36m1.7[0m%[1m)[0m  QuickPay:  [1;36m13[0m [1m([0m [1;36m0.0[0m%[1m)[0m  |  checkout failures [31m [0m[1;31m50.5[0m[31m%[0m [1;31mOUTAGE INJECTED[0m
t+ 103s  FastPay: [1;36m126[0m [1m([0m[1;36m79.4[0m%[1m)[0m  SecurePay:  [1;36m57[0m [1m([0m [1;36m3.5[0m%[1m)[0m  QuickPay:  [1;36m17[0m [1m([0m [1;36m5.9[0m%[1m)[0m  |  checkout failures [31m [0m[1;31m51.5[0m[31m%[0m [1;31mOUTAGE INJECTED[0m
t+ 104s  FastPay: [1;36m133[0m [1m([0m[1;36m78.9[0m%[1m)[0m  SecurePay:  [1;36m50[0m [1m([0m [1;36m2.0[0m%[1m)[0m  QuickPay:  [1;36m17[0m [1m([0m [1;36m0.0[0m%[1m)[0m  |  checkout failures [31m [0m[1;31m53.0[0m[31m%[0m [1;31mOUTAGE INJECTED[0m
t+ 105s  FastPay: [1;36m127[0m [1m([0m[1;36m78.0[0m%[1m)[0m  SecurePay:  [1;36m57[0m [1m([0m [1;36m0.0[0m%[1m)[0m  QuickPay:  [1;36m16[0m [1m([0m [1;36m6.2[0m%[1m)[0m  |  checkout failures [31m [0m[1;31m50.0[0m[31m%[0m [1;31mOUTAGE INJECTED[0m
t+ 106s  FastPay: [1;36m118[0m [1m([0m[1;36m80.5[0m%[1m)[0m  SecurePay:  [1;36m65[0m [1m([0m [1;36m0.0[0m%[1m)[0m  QuickPay:  [1;36m17[0m [1m([0m[1;36m11.8[0m%[1m)[0m  |  checkout failures [31m [0m[1;31m48.5[0m[31m%[0m [1;31mOUTAGE INJECTED[0m
t+ 107s  FastPay: [1;36m131[0m [1m([0m[1;36m77.9[0m%[1m)[0m  SecurePay:  [1;36m51[0m [1m([0m [1;36m2.0[0m%[1m)[0m  QuickPay:  [1;36m18[0m [1m([0m [1;36m0.0[0m%[1m)[0m  |  checkout failures [31m [0m[1;31m51.5[0m[31m%[0m [1;31mOUTAGE INJECTED[0m
t+ 108s  FastPay: [1;36m122[0m [1m([0m[1;36m80.3[0m%[1m)[0m  SecurePay:  [1;36m56[0m [1m([0m [1;36m1.8[0m%[1m)[0m  QuickPay:  [1;36m22[0m [1m([0m [1;36m0.0[0m%[1m)[0m  |  checkout failures [31m [0m[1;31m49.5[0m[31m%[0m [1;31mOUTAGE INJECTED[0m
t+ 109s  FastPay: [1;36m120[0m [1m([0m[1;36m82.5[0m%[1m)[0m  SecurePay:  [1;36m57[0m [1m([0m [1;36m0.0[0m%[1m)[0m  QuickPay:  [1;36m23[0m [1m([0m [1;36m4.3[0m%[1m)[0m  |  checkout failures [31m [0m[1;31m50.0[0m[31m%[0m [1;31mOUTAGE INJECTED[0m
t+ 110s  FastPay: [1;36m132[0m [1m([0m[1;36m75.0[0m%[1m)[0m  SecurePay:  [1;36m50[0m [1m([0m [1;36m0.0[0m%[1m)[0m  QuickPay:  [1;36m18[0m [1m([0m [1;36m5.6[0m%[1m)[0m  |  checkout failures [31m [0m[1;31m50.0[0m[31m%[0m [1;31mOUTAGE INJECTED[0m
t+ 111s  FastPay: [1;36m127[0m [1m([0m[1;36m74.8[0m%[1m)[0m  SecurePay:  [1;36m51[0m [1m([0m [1;36m0.0[0m%[1m)[0m  QuickPay:  [1;36m22[0m [1m([0m [1;36m0.0[0m%[1m)[0m  |  checkout failures [31m [0m[1;31m47.5[0m[31m%[0m [1;31mOUTAGE INJECTED[0m
t+ 112s  FastPay: [1;36m131[0m [1m([0m[1;36m82.4[0m%[1m)[0m  SecurePay:  [1;36m55[0m [1m([0m [1;36m0.0[0m%[1m)[0m  QuickPay:  [1;36m14[0m [1m([0m [1;36m0.0[0m%[1m)[0m  |  checkout failures [31m [0m[1;31m54.0[0m[31m%[0m [1;31mOUTAGE INJECTED[0m
t+ 113s  FastPay: [1;36m118[0m [1m([0m[1;36m72.9[0m%[1m)[0m  SecurePay:  [1;36m65[0m [1m([0m [1;36m1.5[0m%[1m)[0m  QuickPay:  [1;36m17[0m [1m([0m [1;36m0.0[0m%[1m)[0m  |  checkout failures [31m [0m[1;31m43.5[0m[31m%[0m [1;31mOUTAGE INJECTED[0m
t+ 114s  FastPay: [1;36m119[0m [1m([0m[1;36m71.4[0m%[1m)[0m  SecurePay:  [1;36m63[0m [1m([0m [1;36m1.6[0m%[1m)[0m  QuickPay:  [1;36m18[0m [1m([0m [1;36m0.0[0m%[1m)[0m  |  checkout failures [31m [0m[1;31m43.0[0m[31m%[0m [1;31mOUTAGE INJECTED[0m
t+ 115s  FastPay: [1;36m121[0m [1m([0m[1;36m82.6[0m%[1m)[0m  SecurePay:  [1;36m56[0m [1m([0m [1;36m0.0[0m%[1m)[0m  QuickPay:  [1;36m23[0m [1m([0m [1;36m4.3[0m%[1m)[0m  |  checkout failures [31m [0m[1;31m50.5[0m[31m%[0m [1;31mOUTAGE INJECTED[0m
t+ 116s  FastPay: [1;36m118[0m [1m([0m[1;36m79.7[0m%[1m)[0m  SecurePay:  [1;36m63[0m [1m([0m [1;36m0.0[0m%[1m)[0m  QuickPay:  [1;36m19[0m [1m([0m [1;36m5.3[0m%[1m)[0m  |  checkout failures [31m [0m[1;31m47.5[0m[31m%[0m [1;31mOUTAGE INJECTED[0m
t+ 117s  FastPay: [1;36m114[0m [1m([0m[1;36m73.7[0m%[1m)[0m  SecurePay:  [1;36m57[0m [1m([0m [1;36m0.0[0m%[1m)[0m  QuickPay:  [1;36m29[0m [1m([0m [1;36m3.4[0m%[1m)[0m  |  checkout failures [31m [0m[1;31m42.5[0m[31m%[0m [1;31mOUTAGE INJECTED[0m
t+ 118s  FastPay: [1;36m127[0m [1m([0m[1;36m75.6[0m%[1m)[0m  SecurePay:  [1;36m51[0m [1m([0m [1;36m0.0[0m%[1m)[0m  QuickPay:  [1;36m22[0m [1m([0m [1;36m0.0[0m%[1m)[0m  |  checkout failures [31m [0m[1;31m48.0[0m[31m%[0m [1;31mOUTAGE INJECTED[0m
t+ 119s  FastPay: [1;36m118[0m [1m([0m[1;36m79.7[0m%[1m)[0m  SecurePay:  [1;36m63[0m [1m([0m [1;36m1.6[0m%[1m)[0m  QuickPay:  [1;36m19[0m [1m([0m [1;36m5.3[0m%[1m)[0m  |  checkout failures [31m [0m[1;31m48.0[0m[31m%[0m [1;31mOUTAGE INJECTED[0m
t+ 120s  FastPay: [1;36m121[0m [1m([0m[1;36m73.6[0m%[1m)[0m  SecurePay:  [1;36m59[0m [1m([0m [1;36m0.0[0m%[1m)[0m  QuickPay:  [1;36m20[0m [1m([0m [1;36m0.0[0m%[1m)[0m  |  checkout failures [31m [0m[1;31m44.5[0m[31m%[0m [1;31mOUTAGE INJECTED[0m
t+ 121s  FastPay: [1;36m107[0m [1m([0m[1;36m79.4[0m%[1m)[0m  SecurePay:  [1;36m65[0m [1m([0m [1;36m0.0[0m%[1m)[0m  QuickPay:  [1;36m28[0m [1m([0m [1;36m0.0[0m%[1m)[0m  |  checkout failures [31m [0m[1;31m42.5[0m[31m%[0m [1;31mOUTAGE INJECTED[0m
t+ 122s  FastPay: [1;36m110[0m [1m([0m[1;36m76.4[0m%[1m)[0m  SecurePay:  [1;36m73[0m [1m([0m [1;36m4.1[0m%[1m)[0m  QuickPay:  [1;36m17[0m [1m([0m [1;36m0.0[0m%[1m)[0m  |  checkout failures [31m [0m[1;31m43.5[0m[31m%[0m [1;31mOUTAGE INJECTED[0m
t+ 123s  FastPay: [1;36m103[0m [1m([0m[1;36m79.6[0m%[1m)[0m  SecurePay:  [1;36m67[0m [1m([0m [1;36m0.0[0m%[1m)[0m  QuickPay:  [1;36m30[0m [1m([0m [1;36m6.7[0m%[1m)[0m  |  checkout failures [31m [0m[1;31m42.0[0m[31m%[0m [1;31mOUTAGE INJECTED[0m
t+ 124s  FastPay: [1;36m125[0m [1m([0m[1;36m79.2[0m%[1m)[0m  SecurePay:  [1;36m64[0m [1m([0m [1;36m0.0[0m%[1m)[0m  QuickPay:  [1;36m11[0m [1m([0m [1;36m0.0[0m%[1m)[0m  |  checkout failures [31m [0m[1;31m49.5[0m[31m%[0m [1;31mOUTAGE INJECTED[0m
t+ 125s  FastPay: [1;36m122[0m [1m([0m[1;36m81.1[0m%[1m)[0m  SecurePay:  [1;36m60[0m [1m([0m [1;36m1.7[0m%[1m)[0m  QuickPay:  [1;36m18[0m [1m([0m [1;36m0.0[0m%[1m)[0m  |  checkout failures [31m [0m[1;31m50.0[0m[31m%[0m [1;31mOUTAGE INJECTED[0m
t+ 126s  FastPay: [1;36m127[0m [1m([0m[1;36m84.3[0m%[1m)[0m  SecurePay:  [1;36m53[0m [1m([0m [1;36m0.0[0m%[1m)[0m  QuickPay:  [1;36m20[0m [1m([0m [1;36m0.0[0m%[1m)[0m  |  checkout failures [31m [0m[1;31m53.5[0m[31m%[0m [1;31mOUTAGE INJECTED[0m
t+ 127s  FastPay: [1;36m116[0m [1m([0m[1;36m81.0[0m%[1m)[0m  SecurePay:  [1;36m61[0m [1m([0m [1;36m0.0[0m%[1m)[0m  QuickPay:  [1;36m23[0m [1m([0m [1;36m0.0[0m%[1m)[0m  |  checkout failures [31m [0m[1;31m47.0[0m[31m%[0m [1;31mOUTAGE INJECTED[0m
t+ 128s  FastPay: [1;36m125[0m [1m([0m[1;36m79.2[0m%[1m)[0m  SecurePay:  [1;36m59[0m [1m([0m [1;36m0.0[0m%[1m)[0m  QuickPay:  [1;36m16[0m [1m([0m [1;36m0.0[0m%[1m)[0m  |  checkout failures [31m [0m[1;31m49.5[0m[31m%[0m [1;31mOUTAGE INJECTED[0m
t+ 129s  FastPay:   [1;36m0[0m [1m([0m [1;36m0.0[0m%[1m)[0m  SecurePay: [1;36m177[0m [1m([0m [1;36m0.6[0m%[1m)[0m  QuickPay:  [1;36m23[0m [1m([0m [1;36m0.0[0m%[1m)[0m  |  checkout failures [32m  [0m[1;32m0.5[0m[32m%[0m [1;31mOUTAGE INJECTED[0m [33mrouting: FastPay -> SecurePay[0m
t+ 130s  FastPay:   [1;36m0[0m [1m([0m [1;36m0.0[0m%[1m)[0m  SecurePay: [1;36m184[0m [1m([0m [1;36m2.2[0m%[1m)[0m  QuickPay:  [1;36m16[0m [1m([0m [1;36m0.0[0m%[1m)[0m  |  checkout failures [32m  [0m[1;32m2.0[0m[32m%[0m [1;31mOUTAGE INJECTED[0m [33mrouting: FastPay -> SecurePay[0m
t+ 131s  FastPay:   [1;36m0[0m [1m([0m [1;36m0.0[0m%[1m)[0m  SecurePay: [1;36m183[0m [1m([0m [1;36m1.1[0m%[1m)[0m  QuickPay:  [1;36m17[0m [1m([0m [1;36m5.9[0m%[1m)[0m  |  checkout failures [32m  [0m[1;32m1.5[0m[32m%[0m [1;31mOUTAGE INJECTED[0m [33mrouting: FastPay -> SecurePay[0m
t+ 132s  FastPay:   [1;36m0[0m [1m([0m [1;36m0.0[0m%[1m)[0m  SecurePay: [1;36m184[0m [1m([0m [1;36m0.5[0m%[1m)[0m  QuickPay:  [1;36m16[0m [1m([0m[1;36m12.5[0m%[1m)[0m  |  checkout failures [32m  [0m[1;32m1.5[0m[32m%[0m [1;31mOUTAGE INJECTED[0m [33mrouting: FastPay -> SecurePay[0m
t+ 133s  FastPay:   [1;36m0[0m [1m([0m [1;36m0.0[0m%[1m)[0m  SecurePay: [1;36m179[0m [1m([0m [1;36m0.6[0m%[1m)[0m  QuickPay:  [1;36m21[0m [1m([0m [1;36m4.8[0m%[1m)[0m  |  checkout failures [32m  [0m[1;32m1.0[0m[32m%[0m [1;31mOUTAGE INJECTED[0m [33mrouting: FastPay -> SecurePay[0m
t+ 134s  FastPay:   [1;36m0[0m [1m([0m [1;36m0.0[0m%[1m)[0m  SecurePay: [1;36m180[0m [1m([0m [1;36m0.6[0m%[1m)[0m  QuickPay:  [1;36m20[0m [1m([0m [1;36m0.0[0m%[1m)[0m  |  checkout failures [32m  [0m[1;32m0.5[0m[32m%[0m [1;31mOUTAGE INJECTED[0m [33mrouting: FastPay -> SecurePay[0m
t+ 135s  FastPay:   [1;36m0[0m [1m([0m [1;36m0.0[0m%[1m)[0m  SecurePay: [1;36m181[0m [1m([0m [1;36m1.1[0m%[1m)[0m  QuickPay:  [1;36m19[0m [1m([0m [1;36m5.3[0m%[1m)[0m  |  checkout failures [32m  [0m[1;32m1.5[0m[32m%[0m [1;31mOUTAGE INJECTED[0m [33mrouting: FastPay -> SecurePay[0m
t+ 136s  FastPay:   [1;36m0[0m [1m([0m [1;36m0.0[0m%[1m)[0m  SecurePay: [1;36m183[0m [1m([0m [1;36m0.0[0m%[1m)[0m  QuickPay:  [1;36m17[0m [1m([0m [1;36m0.0[0m%[1m)[0m  |  checkout failures [32m  [0m[1;32m0.0[0m[32m%[0m [1;31mOUTAGE INJECTED[0m [33mrouting: FastPay -> SecurePay[0m
t+ 137s  FastPay:   [1;36m0[0m [1m([0m [1;36m0.0[0m%[1m)[0m  SecurePay: [1;36m185[0m [1m([0m [1;36m1.1[0m%[1m)[0m  QuickPay:  [1;36m15[0m [1m([0m [1;36m0.0[0m%[1m)[0m  |  checkout failures [32m  [0m[1;32m1.0[0m[32m%[0m [1;31mOUTAGE INJECTED[0m [33mrouting: FastPay -> SecurePay[0m
t+ 138s  FastPay:   [1;36m0[0m [1m([0m [1;36m0.0[0m%[1m)[0m  SecurePay: [1;36m179[0m [1m([0m [1;36m0.6[0m%[1m)[0m  QuickPay:  [1;36m21[0m [1m([0m [1;36m0.0[0m%[1m)[0m  |  checkout failures [32m  [0m[1;32m0.5[0m[32m%[0m [1;31mOUTAGE INJECTED[0m [33mrouting: FastPay -> SecurePay[0m
t+ 139s  FastPay:   [1;36m0[0m [1m([0m [1;36m0.0[0m%[1m)[0m  SecurePay: [1;36m181[0m [1m([0m [1;36m0.0[0m%[1m)[0m  QuickPay:  [1;36m19[0m [1m([0m [1;36m0.0[0m%[1m)[0m  |  checkout failures [32m  [0m[1;32m0.0[0m[32m%[0m [1;31mOUTAGE INJECTED[0m [33mrouting: FastPay -> SecurePay[0m
t+ 140s  FastPay:   [1;36m0[0m [1m([0m [1;36m0.0[0m%[1m)[0m  SecurePay: [1;36m183[0m [1m([0m [1;36m0.5[0m%[1m)[0m  QuickPay:  [1;36m17[0m [1m([0m [1;36m0.0[0m%[1m)[0m  |  checkout failures [32m  [0m[1;32m0.5[0m[32m%[0m [1;31mOUTAGE INJECTED[0m [33mrouting: FastPay -> SecurePay[0m
t+ 141s  FastPay:   [1;36m0[0m [1m([0m [1;36m0.0[0m%[1m)[0m  SecurePay: [1;36m179[0m [1m([0m [1;36m0.0[0m%[1m)[0m  QuickPay:  [1;36m21[0m [1m([0m [1;36m0.0[0m%[1m)[0m  |  checkout failures [32m  [0m[1;32m0.0[0m[32m%[0m [1;31mOUTAGE INJECTED[0m [33mrouting: FastPay -> SecurePay[0m
t+ 142s  FastPay:   [1;36m0[0m [1m([0m [1;36m0.0[0m%[1m)[0m  SecurePay: [1;36m178[0m [1m([0m [1;36m0.6[0m%[1m)[0m  QuickPay:  [1;36m22[0m [1m([0m [1;36m0.0[0m%[1m)[0m  |  checkout failures [32m  [0m[1;32m0.5[0m[32m%[0m [1;31mOUTAGE INJECTED[0m [33mrouting: FastPay -> SecurePay[0m
t+ 143s  FastPay:   [1;36m0[0m [1m([0m [1;36m0.0[0m%[1m)[0m  SecurePay: [1;36m171[0m [1m([0m [1;36m0.0[0m%[1m)[0m  QuickPay:  [1;36m29[0m [1m([0m [1;36m0.0[0m%[1m)[0m  |  checkout failures [32m  [0m[1;32m0.0[0m[32m%[0m [1;31mOUTAGE INJECTED[0m [33mrouting: FastPay -> SecurePay[0m
t+ 144s  FastPay:   [1;36m0[0m [1m([0m [1;36m0.0[0m%[1m)[0m  SecurePay: [1;36m183[0m [1m([0m [1;36m0.5[0m%[1m)[0m  QuickPay:  [1;36m17[0m [1m([0m [1;36m0.0[0m%[1m)[0m  |  checkout failures [32m  [0m[1;32m0.5[0m[32m%[0m [1;31mOUTAGE INJECTED[0m [33mrouting: FastPay -> SecurePay[0m
t+ 145s  FastPay:   [1;36m0[0m [1m([0m [1;36m0.0[0m%[1m)[0m  SecurePay: [1;36m173[0m [1m([0m [1;36m0.6[0m%[1m)[0m  QuickPay:  [1;36m27[0m [1m([0m [1;36m0.0[0m%[1m)[0m  |  checkout failures [32m  [0m[1;32m0.5[0m[32m%[0m [1;31mOUTAGE INJECTED[0m [33mrouting: FastPay -> SecurePay[0m
t+ 146s  FastPay:   [1;36m0[0m [1m([0m [1;36m0.0[0m%[1m)[0m  SecurePay: [1;36m175[0m [1m([0m [1;36m0.0[0m%[1m)[0m  QuickPay:  [1;36m25[0m [1m([0m [1;36m0.0[0m%[1m)[0m  |  checkout failures [32m  [0m[1;32m0.0[0m[32m%[0m [1;31mOUTAGE INJECTED[0m [33mrouting: FastPay -> SecurePay[0m
t+ 147s  FastPay:   [1;36m0[0m [1m([0m [1;36m0.0[0m%[1m)[0m  SecurePay: [1;36m179[0m [1m([0m [1;36m1.1[0m%[1m)[0m  QuickPay:  [1;36m21[0m [1m([0m [1;36m0.0[0m%[1m)[0m  |  checkout failures [32m  [0m[1;32m1.0[0m[32m%[0m [1;31mOUTAGE INJECTED[0m [33mrouting: FastPay -> SecurePay[0m
t+ 148s  FastPay:   [1;36m0[0m [1m([0m [1;36m0.0[0m%[1m)[0m  SecurePay: [1;36m180[0m [1m([0m [1;36m0.6[0m%[1m)[0m  QuickPay:  [1;36m20[0m [1m([0m [1;36m0.0[0m%[1m)[0m  |  checkout failures [32m  [0m[1;32m0.5[0m[32m%[0m [1;31mOUTAGE INJECTED[0m [33mrouting: FastPay -> SecurePay[0m
t+ 149s  FastPay:   [1;36m0[0m [1m([0m [1;36m0.0[0m%[1m)[0m  SecurePay: [1;36m182[0m [1m([0m [1;36m0.0[0m%[1m)[0m  QuickPay:  [1;36m18[0m [1m([0m [1;36m0.0[0m%[1m)[0m  |  checkout failures [32m  [0m[1;32m0.0[0m[32m%[0m [1;31mOUTAGE INJECTED[0m [33mrouting: FastPay -> SecurePay[0m
t+ 150s  FastPay:   [1;36m0[0m [1m([0m [1;36m0.0[0m%[1m)[0m  SecurePay: [1;36m172[0m [1m([0m [1;36m0.0[0m%[1m)[0m  QuickPay:  [1;36m28[0m [1m([0m [1;36m0.0[0m%[1m)[0m  |  checkout failures [32m  [0m[1;32m0.0[0m[32m%[0m [1;31mOUTAGE INJECTED[0m [33mrouting: FastPay -> SecurePay[0m
t+ 151s  FastPay:   [1;36m0[0m [1m([0m [1;36m0.0[0m%[1m)[0m  SecurePay: [1;36m178[0m [1m([0m [1;36m2.2[0m%[1m)[0m  QuickPay:  [1;36m22[0m [1m([0m [1;36m9.1[0m%[1m)[0m  |  checkout failures [32m  [0m[1;32m3.0[0m[32m%[0m [1;31mOUTAGE INJECTED[0m [33mrouting: FastPay -> SecurePay[0m
t+ 152s  FastPay:   [1;36m0[0m [1m([0m [1;36m0.0[0m%[1m)[0m  SecurePay: [1;36m181[0m [1m([0m [1;36m0.0[0m%[1m)[0m  QuickPay:  [1;36m19[0m [1m([0m [1;36m5.3[0m%[1m)[0m  |  checkout failures [32m  [0m[1;32m0.5[0m[32m%[0m [1;31mOUTAGE INJECTED[0m [33mrouting: FastPay -> SecurePay[0m
t+ 153s  FastPay:   [1;36m0[0m [1m([0m [1;36m0.0[0m%[1m)[0m  SecurePay: [1;36m185[0m [1m([0m [1;36m0.0[0m%[1m)[0m  QuickPay:  [1;36m15[0m [1m([0m [1;36m6.7[0m%[1m)[0m  |  checkout failures [32m  [0m[1;32m0.5[0m[32m%[0m [1;31mOUTAGE INJECTED[0m [33mrouting: FastPay -> SecurePay[0m
t+ 154s  FastPay:   [1;36m0[0m [1m([0m [1;36m0.0[0m%[1m)[0m  SecurePay: [1;36m177[0m [1m([0m [1;36m0.0[0m%[1m)[0m  QuickPay:  [1;36m23[0m [1m([0m [1;36m0.0[0m%[1m)[0m  |  checkout failures [32m  [0m[1;32m0.0[0m[32m%[0m [1;31mOUTAGE INJECTED[0m [33mrouting: FastPay -> SecurePay[0m
t+ 155s  FastPay:   [1;36m0[0m [1m([0m [1;36m0.0[0m%[1m)[0m  SecurePay: [1;36m182[0m [1m([0m [1;36m0.0[0m%[1m)[0m  QuickPay:  [1;36m18[0m [1m([0m [1;36m5.6[0m%[1m)[0m  |  checkout failures [32m  [0m[1;32m0.5[0m[32m%[0m [1;31mOUTAGE INJECTED[0m [33mrouting: FastPay -> SecurePay[0m
t+ 156s  FastPay:   [1;36m0[0m [1m([0m [1;36m0.0[0m%[1m)[0m  SecurePay: [1;36m182[0m [1m([0m [1;36m0.0[0m%[1m)[0m  QuickPay:  [1;36m18[0m [1m([0m [1;36m0.0[0m%[1m)[0m  |  checkout failures [32m  [0m[1;32m0.0[0m[32m%[0m [1;31mOUTAGE INJECTED[0m [33mrouting: FastPay -> SecurePay[0m
t+ 157s  FastPay:   [1;36m0[0m [1m([0m [1;36m0.0[0m%[1m)[0m  SecurePay: [1;36m176[0m [1m([0m [1;36m0.6[0m%[1m)[0m  QuickPay:  [1;36m24[0m [1m([0m [1;36m4.2[0m%[1m)[0m  |  checkout failures [32m  [0m[1;32m1.0[0m[32m%[0m [1;31mOUTAGE INJECTED[0m [33mrouting: FastPay -> SecurePay[0m
t+ 158s  FastPay:   [1;36m0[0m [1m([0m [1;36m0.0[0m%[1m)[0m  SecurePay: [1;36m175[0m [1m([0m [1;36m0.6[0m%[1m)[0m  QuickPay:  [1;36m25[0m [1m([0m [1;36m0.0[0m%[1m)[0m  |  checkout failures [32m  [0m[1;32m0.5[0m[32m%[0m [1;31mOUTAGE INJECTED[0m [33mrouting: FastPay -> SecurePay[0m
t+ 159s  FastPay:   [1;36m0[0m [1m([0m [1;36m0.0[0m%[1m)[0m  SecurePay: [1;36m171[0m [1m([0m [1;36m0.6[0m%[1m)[0m  QuickPay:  [1;36m29[0m [1m([0m [1;36m0.0[0m%[1m)[0m  |  checkout failures [32m  [0m[1;32m0.5[0m[32m%[0m [1;31mOUTAGE INJECTED[0m [33mrouting: FastPay -> SecurePay[0m
t+ 160s  FastPay:   [1;36m0[0m [1m([0m [1;36m0.0[0m%[1m)[0m  SecurePay: [1;36m186[0m [1m([0m [1;36m0.0[0m%[1m)[0m  QuickPay:  [1;36m14[0m [1m([0m [1;36m0.0[0m%[1m)[0m  |  checkout failures [32m  [0m[1;32m0.0[0m[32m%[0m [1;31mOUTAGE INJECTED[0m [33mrouting: FastPay -> SecurePay[0m
t+ 161s  FastPay:   [1;36m0[0m [1m([0m [1;36m0.0[0m%[1m)[0m  SecurePay: [1;36m176[0m [1m([0m [1;36m1.7[0m%[1m)[0m  QuickPay:  [1;36m24[0m [1m([0m [1;36m0.0[0m%[1m)[0m  |  checkout failures [32m  [0m[1;32m1.5[0m[32m%[0m [1;31mOUTAGE INJECTED[0m [33mrouting: FastPay -> SecurePay[0m
t+ 162s  FastPay:   [1;36m0[0m [1m([0m [1;36m0.0[0m%[1m)[0m  SecurePay: [1;36m176[0m [1m([0m [1;36m1.7[0m%[1m)[0m  QuickPay:  [1;36m24[0m [1m([0m [1;36m0.0[0m%[1m)[0m  |  checkout failures [32m  [0m[1;32m1.5[0m[32m%[0m [1;31mOUTAGE INJECTED[0m [33mrouting: FastPay -> SecurePay[0m
t+ 163s  FastPay:   [1;36m0[0m [1m([0m [1;36m0.0[0m%[1m)[0m  SecurePay: [1;36m184[0m [1m([0m [1;36m0.5[0m%[1m)[0m  QuickPay:  [1;36m16[0m [1m([0m [1;36m6.2[0m%[1m)[0m  |  checkout failures [32m  [0m[1;32m1.0[0m[32m%[0m [1;31mOUTAGE INJECTED[0m [33mrouting: FastPay -> SecurePay[0m
t+ 164s  FastPay:   [1;36m0[0m [1m([0m [1;36m0.0[0m%[1m)[0m  SecurePay: [1;36m175[0m [1m([0m [1;36m0.6[0m%[1m)[0m  QuickPay:  [1;36m25[0m [1m([0m [1;36m0.0[0m%[1m)[0m  |  checkout failures [32m  [0m[1;32m0.5[0m[32m%[0m [1;31mOUTAGE INJECTED[0m [33mrouting: FastPay -> SecurePay[0m
t+ 165s  FastPay:   [1;36m0[0m [1m([0m [1;36m0.0[0m%[1m)[0m  SecurePay: [1;36m181[0m [1m([0m [1;36m0.6[0m%[1m)[0m  QuickPay:  [1;36m19[0m [1m([0m [1;36m0.0[0m%[1m)[0m  |  checkout failures [32m  [0m[1;32m0.5[0m[32m%[0m [1;31mOUTAGE INJECTED[0m [33mrouting: FastPay -> SecurePay[0m
t+ 166s  FastPay:   [1;36m0[0m [1m([0m [1;36m0.0[0m%[1m)[0m  SecurePay: [1;36m178[0m [1m([0m [1;36m1.7[0m%[1m)[0m  QuickPay:  [1;36m22[0m [1m([0m [1;36m0.0[0m%[1m)[0m  |  checkout failures [32m  [0m[1;32m1.5[0m[32m%[0m [1;31mOUTAGE INJECTED[0m [33mrouting: FastPay -> SecurePay[0m
t+ 167s  FastPay:   [1;36m0[0m [1m([0m [1;36m0.0[0m%[1m)[0m  SecurePay: [1;36m178[0m [1m([0m [1;36m1.7[0m%[1m)[0m  QuickPay:  [1;36m22[0m [1m([0m [1;36m0.0[0m%[1m)[0m  |  checkout failures [32m  [0m[1;32m1.5[0m[32m%[0m [1;31mOUTAGE INJECTED[0m [33mrouting: FastPay -> SecurePay[0m
t+ 168s  FastPay:   [1;36m0[0m [1m([0m [1;36m0.0[0m%[1m)[0m  SecurePay: [1;36m176[0m [1m([0m [1;36m0.6[0m%[1m)[0m  QuickPay:  [1;36m24[0m [1m([0m [1;36m0.0[0m%[1m)[0m  |  checkout failures [32m  [0m[1;32m0.5[0m[32m%[0m [1;31mOUTAGE INJECTED[0m [33mrouting: FastPay -> SecurePay[0m
t+ 169s  FastPay:   [1;36m0[0m [1m([0m [1;36m0.0[0m%[1m)[0m  SecurePay: [1;36m183[0m [1m([0m [1;36m0.5[0m%[1m)[0m  QuickPay:  [1;36m17[0m [1m([0m [1;36m5.9[0m%[1m)[0m  |  checkout failures [32m  [0m[1;32m1.0[0m[32m%[0m [1;31mOUTAGE INJECTED[0m [33mrouting: FastPay -> SecurePay[0m
t+ 170s  FastPay:   [1;36m0[0m [1m([0m [1;36m0.0[0m%[1m)[0m  SecurePay: [1;36m181[0m [1m([0m [1;36m0.0[0m%[1m)[0m  QuickPay:  [1;36m19[0m [1m([0m [1;36m0.0[0m%[1m)[0m  |  checkout failures [32m  [0m[1;32m0.0[0m[32m%[0m [1;31mOUTAGE INJECTED[0m [33mrouting: FastPay -> SecurePay[0m
t+ 171s  FastPay:   [1;36m0[0m [1m([0m [1;36m0.0[0m%[1m)[0m  SecurePay: [1;36m187[0m [1m([0m [1;36m1.1[0m%[1m)[0m  QuickPay:  [1;36m13[0m [1m([0m [1;36m0.0[0m%[1m)[0m  |  checkout failures [32m  [0m[1;32m1.0[0m[32m%[0m [1;31mOUTAGE INJECTED[0m [33mrouting: FastPay -> SecurePay[0m
t+ 172s  FastPay:   [1;36m0[0m [1m([0m [1;36m0.0[0m%[1m)[0m  SecurePay: [1;36m175[0m [1m([0m [1;36m0.0[0m%[1m)[0m  QuickPay:  [1;36m25[0m [1m([0m [1;36m4.0[0m%[1m)[0m  |  checkout failures [32m  [0m[1;32m0.5[0m[32m%[0m [1;31mOUTAGE INJECTED[0m [33mrouting: FastPay -> SecurePay[0m
t+ 173s  FastPay:   [1;36m0[0m [1m([0m [1;36m0.0[0m%[1m)[0m  SecurePay: [1;36m185[0m [1m([0m [1;36m1.6[0m%[1m)[0m  QuickPay:  [1;36m15[0m [1m([0m [1;36m0.0[0m%[1m)[0m  |  checkout failures [32m  [0m[1;32m1.5[0m[32m%[0m [1;31mOUTAGE INJECTED[0m [33mrouting: FastPay -> SecurePay[0m
t+ 174s  FastPay:   [1;36m0[0m [1m([0m [1;36m0.0[0m%[1m)[0m  SecurePay: [1;36m183[0m [1m([0m [1;36m0.0[0m%[1m)[0m  QuickPay:  [1;36m17[0m [1m([0m[1;36m11.8[0m%[1m)[0m  |  checkout failures [32m  [0m[1;32m1.0[0m[32m%[0m [1;31mOUTAGE INJECTED[0m [33mrouting: FastPay -> SecurePay[0m
t+ 175s  FastPay:   [1;36m0[0m [1m([0m [1;36m0.0[0m%[1m)[0m  SecurePay: [1;36m178[0m [1m([0m [1;36m0.0[0m%[1m)[0m  QuickPay:  [1;36m22[0m [1m([0m [1;36m0.0[0m%[1m)[0m  |  checkout failures [32m  [0m[1;32m0.0[0m[32m%[0m [1;31mOUTAGE INJECTED[0m [33mrouting: FastPay -> SecurePay[0m
t+ 176s  FastPay:   [1;36m0[0m [1m([0m [1;36m0.0[0m%[1m)[0m  SecurePay: [1;36m174[0m [1m([0m [1;36m0.0[0m%[1m)[0m  QuickPay:  [1;36m26[0m [1m([0m [1;36m0.0[0m%[1m)[0m  |  checkout failures [32m  [0m[1;32m0.0[0m[32m%[0m [1;31mOUTAGE INJECTED[0m [33mrouting: FastPay -> SecurePay[0m
t+ 177s  FastPay:   [1;36m0[0m [1m([0m [1;36m0.0[0m%[1m)[0m  SecurePay: [1;36m188[0m [1m([0m [1;36m0.0[0m%[1m)[0m  QuickPay:  [1;36m12[0m [1m([0m [1;36m0.0[0m%[1m)[0m  |  checkout failures [32m  [0m[1;32m0.0[0m[32m%[0m [1;31mOUTAGE INJECTED[0m [33mrouting: FastPay -> SecurePay[0m
t+ 178s  FastPay:   [1;36m0[0m [1m([0m [1;36m0.0[0m%[1m)[0m  SecurePay: [1;36m178[0m [1m([0m [1;36m0.6[0m%[1m)[0m  QuickPay:  [1;36m22[0m [1m([0m [1;36m0.0[0m%[1m)[0m  |  checkout failures [32m  [0m[1;32m0.5[0m[32m%[0m [1;31mOUTAGE INJECTED[0m [33mrouting: FastPay -> SecurePay[0m
t+ 179s  FastPay:   [1;36m0[0m [1m([0m [1;36m0.0[0m%[1m)[0m  SecurePay: [1;36m181[0m [1m([0m [1;36m0.6[0m%[1m)[0m  QuickPay:  [1;36m19[0m [1m([0m [1;36m0.0[0m%[1m)[0m  |  checkout failures [32m  [0m[1;32m0.5[0m[32m%[0m [1;31mOUTAGE INJECTED[0m [33mrouting: FastPay -> SecurePay[0m
t+ 180s  FastPay:   [1;36m0[0m [1m([0m [1;36m0.0[0m%[1m)[0m  SecurePay: [1;36m180[0m [1m([0m [1;36m0.0[0m%[1m)[0m  QuickPay:  [1;36m20[0m [1m([0m [1;36m0.0[0m%[1m)[0m  |  checkout failures [32m  [0m[1;32m0.0[0m[32m%[0m [1;31mOUTAGE INJECTED[0m [33mrouting: FastPay -> SecurePay[0m
t+ 181s  FastPay:   [1;36m0[0m [1m([0m [1;36m0.0[0m%[1m)[0m  SecurePay: [1;36m174[0m [1m([0m [1;36m0.6[0m%[1m)[0m  QuickPay:  [1;36m26[0m [1m([0m [1;36m3.8[0m%[1m)[0m  |  checkout failures [32m  [0m[1;32m1.0[0m[32m%[0m [1;31mOUTAGE INJECTED[0m [33mrouting: FastPay -> SecurePay[0m
t+ 182s  FastPay:   [1;36m0[0m [1m([0m [1;36m0.0[0m%[1m)[0m  SecurePay: [1;36m180[0m [1m([0m [1;36m0.0[0m%[1m)[0m  QuickPay:  [1;36m20[0m [1m([0m[1;36m10.0[0m%[1m)[0m  |  checkout failures [32m  [0m[1;32m1.0[0m[32m%[0m [1;31mOUTAGE INJECTED[0m [33mrouting: FastPay -> SecurePay[0m
t+ 183s  FastPay:   [1;36m0[0m [1m([0m [1;36m0.0[0m%[1m)[0m  SecurePay: [1;36m187[0m [1m([0m [1;36m0.0[0m%[1m)[0m  QuickPay:  [1;36m13[0m [1m([0m [1;36m7.7[0m%[1m)[0m  |  checkout failures [32m  [0m[1;32m0.5[0m[32m%[0m [1;31mOUTAGE INJECTED[0m [33mrouting: FastPay -> SecurePay[0m
t+ 184s  FastPay:   [1;36m0[0m [1m([0m [1;36m0.0[0m%[1m)[0m  SecurePay: [1;36m175[0m [1m([0m [1;36m0.6[0m%[1m)[0m  QuickPay:  [1;36m25[0m [1m([0m [1;36m0.0[0m%[1m)[0m  |  checkout failures [32m  [0m[1;32m0.5[0m[32m%[0m [1;31mOUTAGE INJECTED[0m [33mrouting: FastPay -> SecurePay[0m
t+ 185s  FastPay:   [1;36m0[0m [1m([0m [1;36m0.0[0m%[1m)[0m  SecurePay: [1;36m176[0m [1m([0m [1;36m0.6[0m%[1m)[0m  QuickPay:  [1;36m24[0m [1m([0m [1;36m0.0[0m%[1m)[0m  |  checkout failures [32m  [0m[1;32m0.5[0m[32m%[0m [1;31mOUTAGE INJECTED[0m [33mrouting: FastPay -> SecurePay[0m
t+ 186s  FastPay:   [1;36m0[0m [1m([0m [1;36m0.0[0m%[1m)[0m  SecurePay: [1;36m183[0m [1m([0m [1;36m0.0[0m%[1m)[0m  QuickPay:  [1;36m17[0m [1m([0m [1;36m0.0[0m%[1m)[0m  |  checkout failures [32m  [0m[1;32m0.0[0m[32m%[0m [1;31mOUTAGE INJECTED[0m [33mrouting: FastPay -> SecurePay[0m
t+ 187s  FastPay:   [1;36m0[0m [1m([0m [1;36m0.0[0m%[1m)[0m  SecurePay: [1;36m187[0m [1m([0m [1;36m1.1[0m%[1m)[0m  QuickPay:  [1;36m13[0m [1m([0m [1;36m7.7[0m%[1m)[0m  |  checkout failures [32m  [0m[1;32m1.5[0m[32m%[0m [1;31mOUTAGE INJECTED[0m [33mrouting: FastPay -> SecurePay[0m
t+ 188s  FastPay:   [1;36m0[0m [1m([0m [1;36m0.0[0m%[1m)[0m  SecurePay: [1;36m183[0m [1m([0m [1;36m1.6[0m%[1m)[0m  QuickPay:  [1;36m17[0m [1m([0m [1;36m0.0[0m%[1m)[0m  |  checkout failures [32m  [0m[1;32m1.5[0m[32m%[0m [1;31mOUTAGE INJECTED[0m [33mrouting: FastPay -> SecurePay[0m
t+ 189s  FastPay:   [1;36m0[0m [1m([0m [1;36m0.0[0m%[1m)[0m  SecurePay: [1;36m183[0m [1m([0m [1;36m0.5[0m%[1m)[0m  QuickPay:  [1;36m17[0m [1m([0m [1;36m0.0[0m%[1m)[0m  |  checkout failures [32m  [0m[1;32m0.5[0m[32m%[0m [1;31mOUTAGE INJECTED[0m [33mrouting: FastPay -> SecurePay[0m
t+ 190s  FastPay:   [1;36m0[0m [1m([0m [1;36m0.0[0m%[1m)[0m  SecurePay: [1;36m181[0m [1m([0m [1;36m1.1[0m%[1m)[0m  QuickPay:  [1;36m19[0m [1m([0m [1;36m0.0[0m%[1m)[0m  |  checkout failures [32m  [0m[1;32m1.0[0m[32m%[0m [1;31mOUTAGE INJECTED[0m [33mrouting: FastPay -> SecurePay[0m
t+ 191s  FastPay:   [1;36m0[0m [1m([0m [1;36m0.0[0m%[1m)[0m  SecurePay: [1;36m174[0m [1m([0m [1;36m1.1[0m%[1m)[0m  QuickPay:  [1;36m26[0m [1m([0m [1;36m0.0[0m%[1m)[0m  |  checkout failures [32m  [0m[1;32m1.0[0m[32m%[0m [1;31mOUTAGE INJECTED[0m [33mrouting: FastPay -> SecurePay[0m
t+ 192s  FastPay:   [1;36m0[0m [1m([0m [1;36m0.0[0m%[1m)[0m  SecurePay: [1;36m180[0m [1m([0m [1;36m0.0[0m%[1m)[0m  QuickPay:  [1;36m20[0m [1m([0m [1;36m0.0[0m%[1m)[0m  |  checkout failures [32m  [0m[1;32m0.0[0m[32m%[0m [1;31mOUTAGE INJECTED[0m [33mrouting: FastPay -> SecurePay[0m
t+ 193s  FastPay:   [1;36m0[0m [1m([0m [1;36m0.0[0m%[1m)[0m  SecurePay: [1;36m177[0m [1m([0m [1;36m0.6[0m%[1m)[0m  QuickPay:  [1;36m23[0m [1m([0m [1;36m8.7[0m%[1m)[0m  |  checkout failures [32m  [0m[1;32m1.5[0m[32m%[0m [1;31mOUTAGE INJECTED[0m [33mrouting: FastPay -> SecurePay[0m
t+ 194s  FastPay:   [1;36m0[0m [1m([0m [1;36m0.0[0m%[1m)[0m  SecurePay: [1;36m180[0m [1m([0m [1;36m0.6[0m%[1m)[0m  QuickPay:  [1;36m20[0m [1m([0m [1;36m0.0[0m%[1m)[0m  |  checkout failures [32m  [0m[1;32m0.5[0m[32m%[0m [1;31mOUTAGE INJECTED[0m [33mrouting: FastPay -> SecurePay[0m
t+ 195s  FastPay:   [1;36m0[0m [1m([0m [1;36m0.0[0m%[1m)[0m  SecurePay: [1;36m178[0m [1m([0m [1;36m0.6[0m%[1m)[0m  QuickPay:  [1;36m22[0m [1m([0m [1;36m0.0[0m%[1m)[0m  |  checkout failures [32m  [0m[1;32m0.5[0m[32m%[0m [1;31mOUTAGE INJECTED[0m [33mrouting: FastPay -> SecurePay[0m
t+ 196s  FastPay:   [1;36m0[0m [1m([0m [1;36m0.0[0m%[1m)[0m  SecurePay: [1;36m183[0m [1m([0m [1;36m1.6[0m%[1m)[0m  QuickPay:  [1;36m17[0m [1m([0m [1;36m0.0[0m%[1m)[0m  |  checkout failures [32m  [0m[1;32m1.5[0m[32m%[0m [1;31mOUTAGE INJECTED[0m [33mrouting: FastPay -> SecurePay[0m
t+ 197s  FastPay:   [1;36m0[0m [1m([0m [1;36m0.0[0m%[1m)[0m  SecurePay: [1;36m182[0m [1m([0m [1;36m0.5[0m%[1m)[0m  QuickPay:  [1;36m18[0m [1m([0m [1;36m0.0[0m%[1m)[0m  |  checkout failures [32m  [0m[1;32m0.5[0m[32m%[0m [1;31mOUTAGE INJECTED[0m [33mrouting: FastPay -> SecurePay[0m
t+ 198s  FastPay:   [1;36m0[0m [1m([0m [1;36m0.0[0m%[1m)[0m  SecurePay: [1;36m178[0m [1m([0m [1;36m0.6[0m%[1m)[0m  QuickPay:  [1;36m22[0m [1m([0m [1;36m4.5[0m%[1m)[0m  |  checkout failures [32m  [0m[1;32m1.0[0m[32m%[0m [1;31mOUTAGE INJECTED[0m [33mrouting: FastPay -> SecurePay[0m
t+ 199s  FastPay:   [1;36m0[0m [1m([0m [1;36m0.0[0m%[1m)[0m  SecurePay: [1;36m181[0m [1m([0m [1;36m0.0[0m%[1m)[0m  QuickPay:  [1;36m19[0m [1m([0m [1;36m0.0[0m%[1m)[0m  |  checkout failures [32m  [0m[1;32m0.0[0m[32m%[0m [1;31mOUTAGE INJECTED[0m [33mrouting: FastPay -> SecurePay[0m
t+ 200s  FastPay:   [1;36m0[0m [1m([0m [1;36m0.0[0m%[1m)[0m  SecurePay: [1;36m176[0m [1m([0m [1;36m0.6[0m%[1m)[0m  QuickPay:  [1;36m24[0m [1m([0m [1;36m4.2[0m%[1m)[0m  |  checkout failures [32m  [0m[1;32m1.0[0m[32m%[0m [1;31mOUTAGE INJECTED[0m [33mrouting: FastPay -> SecurePay[0m
t+ 201s  FastPay:   [1;36m0[0m [1m([0m [1;36m0.0[0m%[1m)[0m  SecurePay: [1;36m185[0m [1m([0m [1;36m1.1[0m%[1m)[0m  QuickPay:  [1;36m15[0m [1m([0m [1;36m0.0[0m%[1m)[0m  |  checkout failures [32m  [0m[1;32m1.0[0m[32m%[0m [1;31mOUTAGE INJECTED[0m [33mrouting: FastPay -> SecurePay[0m
t+ 202s  FastPay:   [1;36m0[0m [1m([0m [1;36m0.0[0m%[1m)[0m  SecurePay: [1;36m183[0m [1m([0m [1;36m0.5[0m%[1m)[0m  QuickPay:  [1;36m17[0m [1m([0m [1;36m0.0[0m%[1m)[0m  |  checkout failures [32m  [0m[1;32m0.5[0m[32m%[0m [1;31mOUTAGE INJECTED[0m [33mrouting: FastPay -> SecurePay[0m
t+ 203s  FastPay:   [1;36m0[0m [1m([0m [1;36m0.0[0m%[1m)[0m  SecurePay: [1;36m184[0m [1m([0m [1;36m0.5[0m%[1m)[0m  QuickPay:  [1;36m16[0m [1m([0m [1;36m0.0[0m%[1m)[0m  |  checkout failures [32m  [0m[1;32m0.5[0m[32m%[0m [1;31mOUTAGE INJECTED[0m [33mrouting: FastPay -> SecurePay[0m
t+ 204s  FastPay:   [1;36m0[0m [1m([0m [1;36m0.0[0m%[1m)[0m  SecurePay: [1;36m180[0m [1m([0m [1;36m0.0[0m%[1m)[0m  QuickPay:  [1;36m20[0m [1m([0m [1;36m0.0[0m%[1m)[0m  |  checkout failures [32m  [0m[1;32m0.0[0m[32m%[0m [1;31mOUTAGE INJECTED[0m [33mrouting: FastPay -> SecurePay[0m
t+ 205s  FastPay:   [1;36m0[0m [1m([0m [1;36m0.0[0m%[1m)[0m  SecurePay: [1;36m184[0m [1m([0m [1;36m1.1[0m%[1m)[0m  QuickPay:  [1;36m16[0m [1m([0m [1;36m0.0[0m%[1m)[0m  |  checkout failures [32m  [0m[1;32m1.0[0m[32m%[0m [1;31mOUTAGE INJECTED[0m [33mrouting: FastPay -> SecurePay[0m
t+ 206s  FastPay:   [1;36m0[0m [1m([0m [1;36m0.0[0m%[1m)[0m  SecurePay: [1;36m185[0m [1m([0m [1;36m1.1[0m%[1m)[0m  QuickPay:  [1;36m15[0m [1m([0m [1;36m6.7[0m%[1m)[0m  |  checkout failures [32m  [0m[1;32m1.5[0m[32m%[0m [1;31mOUTAGE INJECTED[0m [33mrouting: FastPay -> SecurePay[0m
t+ 207s  FastPay:   [1;36m0[0m [1m([0m [1;36m0.0[0m%[1m)[0m  SecurePay: [1;36m177[0m [1m([0m [1;36m1.1[0m%[1m)[0m  QuickPay:  [1;36m23[0m [1m([0m [1;36m0.0[0m%[1m)[0m  |  checkout failures [32m  [0m[1;32m1.0[0m[32m%[0m [1;31mOUTAGE INJECTED[0m [33mrouting: FastPay -> SecurePay[0m
t+ 208s  FastPay:   [1;36m0[0m [1m([0m [1;36m0.0[0m%[1m)[0m  SecurePay: [1;36m185[0m [1m([0m [1;36m0.0[0m%[1m)[0m  QuickPay:  [1;36m15[0m [1m([0m [1;36m0.0[0m%[1m)[0m  |  checkout failures [32m  [0m[1;32m0.0[0m[32m%[0m [1;31mOUTAGE INJECTED[0m [33mrouting: FastPay -> SecurePay[0m
t+ 209s  FastPay:   [1;36m0[0m [1m([0m [1;36m0.0[0m%[1m)[0m  SecurePay: [1;36m187[0m [1m([0m [1;36m0.5[0m%[1m)[0m  QuickPay:  [1;36m13[0m [1m([0m [1;36m0.0[0m%[1m)[0m  |  checkout failures [32m  [0m[1;32m0.5[0m[32m%[0m [1;31mOUTAGE INJECTED[0m [33mrouting: FastPay -> SecurePay[0m
t+ 210s  FastPay:   [1;36m0[0m [1m([0m [1;36m0.0[0m%[1m)[0m  SecurePay: [1;36m180[0m [1m([0m [1;36m0.0[0m%[1m)[0m  QuickPay:  [1;36m20[0m [1m([0m [1;36m5.0[0m%[1m)[0m  |  checkout failures [32m  [0m[1;32m0.5[0m[32m%[0m [1;31mOUTAGE INJECTED[0m [33mrouting: FastPay -> SecurePay[0m
t+ 211s  FastPay:   [1;36m0[0m [1m([0m [1;36m0.0[0m%[1m)[0m  SecurePay: [1;36m184[0m [1m([0m [1;36m0.5[0m%[1m)[0m  QuickPay:  [1;36m16[0m [1m([0m [1;36m0.0[0m%[1m)[0m  |  checkout failures [32m  [0m[1;32m0.5[0m[32m%[0m [1;31mOUTAGE INJECTED[0m [33mrouting: FastPay -> SecurePay[0m
t+ 212s  FastPay:   [1;36m0[0m [1m([0m [1;36m0.0[0m%[1m)[0m  SecurePay: [1;36m176[0m [1m([0m [1;36m0.0[0m%[1m)[0m  QuickPay:  [1;36m24[0m [1m([0m [1;36m0.0[0m%[1m)[0m  |  checkout failures [32m  [0m[1;32m0.0[0m[32m%[0m [1;31mOUTAGE INJECTED[0m [33mrouting: FastPay -> SecurePay[0m
t+ 213s  FastPay:   [1;36m0[0m [1m([0m [1;36m0.0[0m%[1m)[0m  SecurePay: [1;36m185[0m [1m([0m [1;36m0.0[0m%[1m)[0m  QuickPay:  [1;36m15[0m [1m([0m [1;36m0.0[0m%[1m)[0m  |  checkout failures [32m  [0m[1;32m0.0[0m[32m%[0m [1;31mOUTAGE INJECTED[0m [33mrouting: FastPay -> SecurePay[0m
t+ 214s  FastPay:   [1;36m0[0m [1m([0m [1;36m0.0[0m%[1m)[0m  SecurePay: [1;36m181[0m [1m([0m [1;36m1.1[0m%[1m)[0m  QuickPay:  [1;36m19[0m [1m([0m [1;36m0.0[0m%[1m)[0m  |  checkout failures [32m  [0m[1;32m1.0[0m[32m%[0m [1;31mOUTAGE INJECTED[0m [33mrouting: FastPay -> SecurePay[0m
t+ 215s  FastPay:   [1;36m0[0m [1m([0m [1;36m0.0[0m%[1m)[0m  SecurePay: [1;36m183[0m [1m([0m [1;36m2.2[0m%[1m)[0m  QuickPay:  [1;36m17[0m [1m([0m [1;36m0.0[0m%[1m)[0m  |  checkout failures [32m  [0m[1;32m2.0[0m[32m%[0m [1;31mOUTAGE INJECTED[0m [33mrouting: FastPay -> SecurePay[0m
t+ 216s  FastPay:   [1;36m0[0m [1m([0m [1;36m0.0[0m%[1m)[0m  SecurePay: [1;36m174[0m [1m([0m [1;36m1.1[0m%[1m)[0m  QuickPay:  [1;36m26[0m [1m([0m [1;36m0.0[0m%[1m)[0m  |  checkout failures [32m  [0m[1;32m1.0[0m[32m%[0m [1;31mOUTAGE INJECTED[0m [33mrouting: FastPay -> SecurePay[0m
t+ 217s  FastPay:   [1;36m0[0m [1m([0m [1;36m0.0[0m%[1m)[0m  SecurePay: [1;36m181[0m [1m([0m [1;36m0.6[0m%[1m)[0m  QuickPay:  [1;36m19[0m [1m([0m [1;36m0.0[0m%[1m)[0m  |  checkout failures [32m  [0m[1;32m0.5[0m[32m%[0m [1;31mOUTAGE INJECTED[0m [33mrouting: FastPay -> SecurePay[0m
t+ 218s  FastPay:   [1;36m0[0m [1m([0m [1;36m0.0[0m%[1m)[0m  SecurePay: [1;36m174[0m [1m([0m [1;36m0.0[0m%[1m)[0m  QuickPay:  [1;36m26[0m [1m([0m [1;36m3.8[0m%[1m)[0m  |  checkout failures [32m  [0m[1;32m0.5[0m[32m%[0m [1;31mOUTAGE INJECTED[0m [33mrouting: FastPay -> SecurePay[0m
t+ 219s  FastPay:   [1;36m0[0m [1m([0m [1;36m0.0[0m%[1m)[0m  SecurePay: [1;36m178[0m [1m([0m [1;36m0.6[0m%[1m)[0m  QuickPay:  [1;36m22[0m [1m([0m [1;36m0.0[0m%[1m)[0m  |  checkout failures [32m  [0m[1;32m0.5[0m[32m%[0m [1;31mOUTAGE INJECTED[0m [33mrouting: FastPay -> SecurePay[0m
t+ 220s  FastPay:   [1;36m0[0m [1m([0m [1;36m0.0[0m%[1m)[0m  SecurePay: [1;36m182[0m [1m([0m [1;36m0.0[0m%[1m)[0m  QuickPay:  [1;36m18[0m [1m([0m [1;36m5.6[0m%[1m)[0m  |  checkout failures [32m  [0m[1;32m0.5[0m[32m%[0m [1;31mOUTAGE INJECTED[0m [33mrouting: FastPay -> SecurePay[0m
t+ 221s  FastPay:   [1;36m0[0m [1m([0m [1;36m0.0[0m%[1m)[0m  SecurePay: [1;36m179[0m [1m([0m [1;36m1.1[0m%[1m)[0m  QuickPay:  [1;36m21[0m [1m([0m [1;36m0.0[0m%[1m)[0m  |  checkout failures [32m  [0m[1;32m1.0[0m[32m%[0m [1;31mOUTAGE INJECTED[0m [33mrouting: FastPay -> SecurePay[0m
t+ 222s  FastPay:   [1;36m0[0m [1m([0m [1;36m0.0[0m%[1m)[0m  SecurePay: [1;36m183[0m [1m([0m [1;36m0.0[0m%[1m)[0m  QuickPay:  [1;36m17[0m [1m([0m[1;36m11.8[0m%[1m)[0m  |  checkout failures [32m  [0m[1;32m1.0[0m[32m%[0m [1;31mOUTAGE INJECTED[0m [33mrouting: FastPay -> SecurePay[0m
t+ 223s  FastPay:   [1;36m0[0m [1m([0m [1;36m0.0[0m%[1m)[0m  SecurePay: [1;36m179[0m [1m([0m [1;36m0.6[0m%[1m)[0m  QuickPay:  [1;36m21[0m [1m([0m [1;36m0.0[0m%[1m)[0m  |  checkout failures [32m  [0m[1;32m0.5[0m[32m%[0m [1;31mOUTAGE INJECTED[0m [33mrouting: FastPay -> SecurePay[0m
t+ 224s  FastPay:   [1;36m0[0m [1m([0m [1;36m0.0[0m%[1m)[0m  SecurePay: [1;36m178[0m [1m([0m [1;36m0.6[0m%[1m)[0m  QuickPay:  [1;36m22[0m [1m([0m [1;36m0.0[0m%[1m)[0m  |  checkout failures [32m  [0m[1;32m0.5[0m[32m%[0m [1;31mOUTAGE INJECTED[0m [33mrouting: FastPay -> SecurePay[0m
t+ 225s  FastPay:   [1;36m0[0m [1m([0m [1;36m0.0[0m%[1m)[0m  SecurePay: [1;36m184[0m [1m([0m [1;36m0.5[0m%[1m)[0m  QuickPay:  [1;36m16[0m [1m([0m [1;36m0.0[0m%[1m)[0m  |  checkout failures [32m  [0m[1;32m0.5[0m[32m%[0m [1;31mOUTAGE INJECTED[0m [33mrouting: FastPay -> SecurePay[0m
t+ 226s  FastPay:   [1;36m0[0m [1m([0m [1;36m0.0[0m%[1m)[0m  SecurePay: [1;36m173[0m [1m([0m [1;36m2.3[0m%[1m)[0m  QuickPay:  [1;36m27[0m [1m([0m [1;36m0.0[0m%[1m)[0m  |  checkout failures [32m  [0m[1;32m2.0[0m[32m%[0m [1;31mOUTAGE INJECTED[0m [33mrouting: FastPay -> SecurePay[0m
t+ 227s  FastPay:   [1;36m0[0m [1m([0m [1;36m0.0[0m%[1m)[0m  SecurePay: [1;36m175[0m [1m([0m [1;36m0.0[0m%[1m)[0m  QuickPay:  [1;36m25[0m [1m([0m [1;36m0.0[0m%[1m)[0m  |  checkout failures [32m  [0m[1;32m0.0[0m[32m%[0m [1;31mOUTAGE INJECTED[0m [33mrouting: FastPay -> SecurePay[0m
t+ 228s  FastPay:   [1;36m0[0m [1m([0m [1;36m0.0[0m%[1m)[0m  SecurePay: [1;36m183[0m [1m([0m [1;36m0.5[0m%[1m)[0m  QuickPay:  [1;36m17[0m [1m([0m [1;36m0.0[0m%[1m)[0m  |  checkout failures [32m  [0m[1;32m0.5[0m[32m%[0m [1;31mOUTAGE INJECTED[0m [33mrouting: FastPay -> SecurePay[0m
t+ 229s  FastPay:   [1;36m0[0m [1m([0m [1;36m0.0[0m%[1m)[0m  SecurePay: [1;36m179[0m [1m([0m [1;36m0.0[0m%[1m)[0m  QuickPay:  [1;36m21[0m [1m([0m [1;36m0.0[0m%[1m)[0m  |  checkout failures [32m  [0m[1;32m0.0[0m[32m%[0m [1;31mOUTAGE INJECTED[0m [33mrouting: FastPay -> SecurePay[0m
t+ 230s  FastPay:   [1;36m0[0m [1m([0m [1;36m0.0[0m%[1m)[0m  SecurePay: [1;36m191[0m [1m([0m [1;36m0.0[0m%[1m)[0m  QuickPay:   [1;36m9[0m [1m([0m [1;36m0.0[0m%[1m)[0m  |  checkout failures [32m  [0m[1;32m0.0[0m[32m%[0m [1;31mOUTAGE INJECTED[0m [33mrouting: FastPay -> SecurePay[0m
t+ 231s  FastPay:   [1;36m0[0m [1m([0m [1;36m0.0[0m%[1m)[0m  SecurePay: [1;36m186[0m [1m([0m [1;36m1.6[0m%[1m)[0m  QuickPay:  [1;36m14[0m [1m([0m [1;36m7.1[0m%[1m)[0m  |  checkout failures [32m  [0m[1;32m2.0[0m[32m%[0m [1;31mOUTAGE INJECTED[0m [33mrouting: FastPay -> SecurePay[0m
t+ 232s  FastPay:   [1;36m0[0m [1m([0m [1;36m0.0[0m%[1m)[0m  SecurePay: [1;36m185[0m [1m([0m [1;36m0.0[0m%[1m)[0m  QuickPay:  [1;36m15[0m [1m([0m [1;36m6.7[0m%[1m)[0m  |  checkout failures [32m  [0m[1;32m0.5[0m[32m%[0m [1;31mOUTAGE INJECTED[0m [33mrouting: FastPay -> SecurePay[0m
t+ 233s  FastPay:   [1;36m0[0m [1m([0m [1;36m0.0[0m%[1m)[0m  SecurePay: [1;36m184[0m [1m([0m [1;36m0.5[0m%[1m)[0m  QuickPay:  [1;36m16[0m [1m([0m [1;36m6.2[0m%[1m)[0m  |  checkout failures [32m  [0m[1;32m1.0[0m[32m%[0m [1;31mOUTAGE INJECTED[0m [33mrouting: FastPay -> SecurePay[0m
t+ 234s  FastPay:   [1;36m0[0m [1m([0m [1;36m0.0[0m%[1m)[0m  SecurePay: [1;36m175[0m [1m([0m [1;36m1.7[0m%[1m)[0m  QuickPay:  [1;36m25[0m [1m([0m [1;36m0.0[0m%[1m)[0m  |  checkout failures [32m  [0m[1;32m1.5[0m[32m%[0m [1;31mOUTAGE INJECTED[0m [33mrouting: FastPay -> SecurePay[0m
t+ 235s  FastPay:   [1;36m0[0m [1m([0m [1;36m0.0[0m%[1m)[0m  SecurePay: [1;36m186[0m [1m([0m [1;36m1.6[0m%[1m)[0m  QuickPay:  [1;36m14[0m [1m([0m [1;36m0.0[0m%[1m)[0m  |  checkout failures [32m  [0m[1;32m1.5[0m[32m%[0m [1;31mOUTAGE INJECTED[0m [33mrouting: FastPay -> SecurePay[0m
t+ 236s  FastPay:   [1;36m0[0m [1m([0m [1;36m0.0[0m%[1m)[0m  SecurePay: [1;36m177[0m [1m([0m [1;36m0.6[0m%[1m)[0m  QuickPay:  [1;36m23[0m [1m([0m [1;36m0.0[0m%[1m)[0m  |  checkout failures [32m  [0m[1;32m0.5[0m[32m%[0m [1;31mOUTAGE INJECTED[0m [33mrouting: FastPay -> SecurePay[0m
t+ 237s  FastPay:   [1;36m0[0m [1m([0m [1;36m0.0[0m%[1m)[0m  SecurePay: [1;36m183[0m [1m([0m [1;36m1.1[0m%[1m)[0m  QuickPay:  [1;36m17[0m [1m([0m [1;36m0.0[0m%[1m)[0m  |  checkout failures [32m  [0m[1;32m1.0[0m[32m%[0m [1;31mOUTAGE INJECTED[0m [33mrouting: FastPay -> SecurePay[0m
t+ 238s  FastPay:   [1;36m0[0m [1m([0m [1;36m0.0[0m%[1m)[0m  SecurePay: [1;36m188[0m [1m([0m [1;36m1.1[0m%[1m)[0m  QuickPay:  [1;36m12[0m [1m([0m [1;36m0.0[0m%[1m)[0m  |  checkout failures [32m  [0m[1;32m1.0[0m[32m%[0m [1;31mOUTAGE INJECTED[0m [33mrouting: FastPay -> SecurePay[0m
t+ 239s  FastPay:   [1;36m0[0m [1m([0m [1;36m0.0[0m%[1m)[0m  SecurePay: [1;36m183[0m [1m([0m [1;36m0.5[0m%[1m)[0m  QuickPay:  [1;36m17[0m [1m([0m [1;36m0.0[0m%[1m)[0m  |  checkout failures [32m  [0m[1;32m0.5[0m[32m%[0m [1;31mOUTAGE INJECTED[0m [33mrouting: FastPay -> SecurePay[0m
